<html>
<body>
<pre>
<h1>�Vision Build Log</h1>
<h2>Tool Versions:</h2>
IDE-Version: ��Vision V5.30.0.0
Copyright (C) 2020 ARM Ltd and ARM Germany GmbH. All rights reserved.
License Information: asda Stone, asdasda, LIC=MPPLD-8IU8J-Y8CFK-ZS2AC-PG19W-YN72R
 
Tool Versions:
Toolchain:       MDK-ARM Plus  Version: 5.30.0.0
Toolchain Path:  D:\Keil_v5\ARM\ARMCLANG\Bin
C Compiler:      ArmClang.exe V6.14
Assembler:       Armasm.exe V6.14
Linker/Locator:  ArmLink.exe V6.14
Library Manager: ArmAr.exe V6.14
Hex Converter:   FromElf.exe V6.14
CPU DLL:         SARMCM3.DLL V5.30.0.0
Dialog DLL:      DARMSTM.DLL V1.68.0.0
Target DLL:      Segger\JL2CM3.dll V2.99.38.0
Dialog DLL:      TARMSTM.DLL V1.66.0.0
 
<h2>Project:</h2>
C:\Users\Stone\Desktop\STM32 ����ѧϰ\01_Stand Temp\Project\Temp.uvprojx
Project File Date:  07/31/2021

<h2>Output:</h2>
*** Using Compiler 'V6.14', folder: 'D:\Keil_v5\ARM\ARMCLANG\Bin'
Rebuild target 'Target 1'
assembling startup_stm32f10x_hd.s...
../Libraries/STMLIB/src/stm32f10x_crc.c(23): warning: In file included from...
../Libraries/STMLIB/inc\stm32f10x_crc.h(32): warning: In file included from...
../Libraries/SYSTEM\stm32f10x.h(478): warning: In file included from...
../Libraries/DRIVER/CMISIS\core_cm3.h(1720): warning: function 'NVIC_SystemReset' could be declared with attribute 'noreturn' [-Wmissing-noreturn]
{
^
1 warning generated.
compiling stm32f10x_crc.c...
../Libraries/STMLIB/src/stm32f10x_bkp.c(23): warning: In file included from...
../Libraries/STMLIB/inc\stm32f10x_bkp.h(32): warning: In file included from...
../Libraries/SYSTEM\stm32f10x.h(478): warning: In file included from...
../Libraries/DRIVER/CMISIS\core_cm3.h(1720): warning: function 'NVIC_SystemReset' could be declared with attribute 'noreturn' [-Wmissing-noreturn]
{
^
1 warning generated.
compiling stm32f10x_bkp.c...
../Libraries/STMLIB/src/stm32f10x_dbgmcu.c(23): warning: In file included from...
../Libraries/STMLIB/inc\stm32f10x_dbgmcu.h(32): warning: In file included from...
../Libraries/SYSTEM\stm32f10x.h(478): warning: In file included from...
../Libraries/DRIVER/CMISIS\core_cm3.h(1720): warning: function 'NVIC_SystemReset' could be declared with attribute 'noreturn' [-Wmissing-noreturn]
{
^
1 warning generated.
compiling stm32f10x_dbgmcu.c...
../Libraries/STMLIB/src/stm32f10x_adc.c(23): warning: In file included from...
../Libraries/STMLIB/inc\stm32f10x_adc.h(32): warning: In file included from...
../Libraries/SYSTEM\stm32f10x.h(478): warning: In file included from...
../Libraries/DRIVER/CMISIS\core_cm3.h(1720): warning: function 'NVIC_SystemReset' could be declared with attribute 'noreturn' [-Wmissing-noreturn]
{
^
../Libraries/STMLIB/src/stm32f10x_adc.c(23): warning: In file included from...
../Libraries/STMLIB/inc\stm32f10x_adc.h(64): warning: padding struct 'ADC_InitTypeDef' with 2 bytes to align 'ADC_ExternalTrigConv' [-Wpadded]
  uint32_t ADC_ExternalTrigConv;          /*!< Defines the external trigger used to start the analog
           ^
../Libraries/STMLIB/inc\stm32f10x_adc.h(50): warning: padding size of 'ADC_InitTypeDef' with 3 bytes to alignment boundary [-Wpadded]
typedef struct
        ^
3 warnings generated.
compiling stm32f10x_adc.c...
../Libraries/STMLIB/src/stm32f10x_dac.c(23): warning: In file included from...
../Libraries/STMLIB/inc\stm32f10x_dac.h(32): warning: In file included from...
../Libraries/SYSTEM\stm32f10x.h(478): warning: In file included from...
../Libraries/DRIVER/CMISIS\core_cm3.h(1720): warning: function 'NVIC_SystemReset' could be declared with attribute 'noreturn' [-Wmissing-noreturn]
{
^
1 warning generated.
compiling stm32f10x_dac.c...
../Libraries/STMLIB/src/stm32f10x_cec.c(23): warning: In file included from...
../Libraries/STMLIB/inc\stm32f10x_cec.h(32): warning: In file included from...
../Libraries/SYSTEM\stm32f10x.h(478): warning: In file included from...
../Libraries/DRIVER/CMISIS\core_cm3.h(1720): warning: function 'NVIC_SystemReset' could be declared with attribute 'noreturn' [-Wmissing-noreturn]
{
^
../Libraries/STMLIB/src/stm32f10x_cec.c(145): warning: implicit conversion loses integer precision: 'volatile uint32_t' (aka 'volatile unsigned int') to 'uint16_t' (aka 'unsigned short') [-Wimplicit-int-conversion]
  tmpreg = CEC->CFGR;
         ~ ~~~~~^~~~
2 warnings generated.
compiling stm32f10x_cec.c...
../Libraries/STMLIB/src/stm32f10x_dma.c(23): warning: In file included from...
../Libraries/STMLIB/inc\stm32f10x_dma.h(32): warning: In file included from...
../Libraries/SYSTEM\stm32f10x.h(478): warning: In file included from...
../Libraries/DRIVER/CMISIS\core_cm3.h(1720): warning: function 'NVIC_SystemReset' could be declared with attribute 'noreturn' [-Wmissing-noreturn]
{
^
1 warning generated.
compiling stm32f10x_dma.c...
../Libraries/STMLIB/src/misc.c(24): warning: In file included from...
../Libraries/STMLIB/inc\misc.h(32): warning: In file included from...
../Libraries/SYSTEM\stm32f10x.h(478): warning: In file included from...
../Libraries/DRIVER/CMISIS\core_cm3.h(1720): warning: function 'NVIC_SystemReset' could be declared with attribute 'noreturn' [-Wmissing-noreturn]
{
^
../Libraries/STMLIB/src/misc.c(132): warning: implicit conversion loses integer precision: 'uint32_t' (aka 'unsigned int') to 'uint8_t' (aka 'unsigned char') [-Wimplicit-int-conversion]
    NVIC->IP[NVIC_InitStruct->NVIC_IRQChannel] = tmppriority;
                                               ~ ^~~~~~~~~~~
2 warnings generated.
compiling misc.c...
../Libraries/STMLIB/src/stm32f10x_exti.c(23): warning: In file included from...
../Libraries/STMLIB/inc\stm32f10x_exti.h(32): warning: In file included from...
../Libraries/SYSTEM\stm32f10x.h(478): warning: In file included from...
../Libraries/DRIVER/CMISIS\core_cm3.h(1720): warning: function 'NVIC_SystemReset' could be declared with attribute 'noreturn' [-Wmissing-noreturn]
{
^
../Libraries/STMLIB/src/stm32f10x_exti.c(23): warning: In file included from...
../Libraries/STMLIB/inc\stm32f10x_exti.h(76): warning: padding size of 'EXTI_InitTypeDef' with 1 byte to alignment boundary [-Wpadded]
typedef struct
        ^
2 warnings generated.
compiling stm32f10x_exti.c...
../Libraries/SYSTEM/system_stm32f10x.c(65): warning: In file included from...
../Libraries/SYSTEM/stm32f10x.h(478): warning: In file included from...
../Libraries/DRIVER/CMISIS\core_cm3.h(1720): warning: function 'NVIC_SystemReset' could be declared with attribute 'noreturn' [-Wmissing-noreturn]
{
^
../Libraries/SYSTEM/system_stm32f10x.c(167): warning: no previous extern declaration for non-static variable 'AHBPrescTable' [-Wmissing-variable-declarations]
__I uint8_t AHBPrescTable[16] = {0, 0, 0, 0, 0, 0, 0, 0, 1, 2, 3, 4, 6, 7, 8, 9};
            ^
../Libraries/SYSTEM/system_stm32f10x.c(167): note: declare 'static' if the variable is not intended to be used outside of this translation unit
__I uint8_t AHBPrescTable[16] = {0, 0, 0, 0, 0, 0, 0, 0, 1, 2, 3, 4, 6, 7, 8, 9};
    ^
2 warnings generated.
compiling system_stm32f10x.c...
../Libraries/STMLIB/src/stm32f10x_can.c(23): warning: In file included from...
../Libraries/STMLIB/inc\stm32f10x_can.h(32): warning: In file included from...
../Libraries/SYSTEM\stm32f10x.h(478): warning: In file included from...
../Libraries/DRIVER/CMISIS\core_cm3.h(1720): warning: function 'NVIC_SystemReset' could be declared with attribute 'noreturn' [-Wmissing-noreturn]
{
^
../Libraries/STMLIB/src/stm32f10x_can.c(23): warning: In file included from...
../Libraries/STMLIB/inc\stm32f10x_can.h(145): warning: padding size of 'CanTxMsg' with 1 byte to alignment boundary [-Wpadded]
typedef struct
        ^
2 warnings generated.
compiling stm32f10x_can.c...
../Libraries/STMLIB/src/stm32f10x_flash.c(23): warning: In file included from...
../Libraries/STMLIB/inc\stm32f10x_flash.h(32): warning: In file included from...
../Libraries/SYSTEM\stm32f10x.h(478): warning: In file included from...
../Libraries/DRIVER/CMISIS\core_cm3.h(1720): warning: function 'NVIC_SystemReset' could be declared with attribute 'noreturn' [-Wmissing-noreturn]
{
^
1 warning generated.
compiling stm32f10x_flash.c...
../Libraries/STMLIB/src/stm32f10x_gpio.c(23): warning: In file included from...
../Libraries/STMLIB/inc\stm32f10x_gpio.h(32): warning: In file included from...
../Libraries/SYSTEM\stm32f10x.h(478): warning: In file included from...
../Libraries/DRIVER/CMISIS\core_cm3.h(1720): warning: function 'NVIC_SystemReset' could be declared with attribute 'noreturn' [-Wmissing-noreturn]
{
^
1 warning generated.
compiling stm32f10x_gpio.c...
../Libraries/STMLIB/src/stm32f10x_fsmc.c(23): warning: In file included from...
../Libraries/STMLIB/inc\stm32f10x_fsmc.h(32): warning: In file included from...
../Libraries/SYSTEM\stm32f10x.h(478): warning: In file included from...
../Libraries/DRIVER/CMISIS\core_cm3.h(1720): warning: function 'NVIC_SystemReset' could be declared with attribute 'noreturn' [-Wmissing-noreturn]
{
^
1 warning generated.
compiling stm32f10x_fsmc.c...
../Libraries/STMLIB/src/stm32f10x_i2c.c(23): warning: In file included from...
../Libraries/STMLIB/inc\stm32f10x_i2c.h(32): warning: In file included from...
../Libraries/SYSTEM\stm32f10x.h(478): warning: In file included from...
../Libraries/DRIVER/CMISIS\core_cm3.h(1720): warning: function 'NVIC_SystemReset' could be declared with attribute 'noreturn' [-Wmissing-noreturn]
{
^
../Libraries/STMLIB/src/stm32f10x_i2c.c(23): warning: In file included from...
../Libraries/STMLIB/inc\stm32f10x_i2c.h(50): warning: padding size of 'I2C_InitTypeDef' with 2 bytes to alignment boundary [-Wpadded]
typedef struct
        ^
2 warnings generated.
compiling stm32f10x_i2c.c...
../Libraries/STMLIB/src/stm32f10x_iwdg.c(23): warning: In file included from...
../Libraries/STMLIB/inc\stm32f10x_iwdg.h(32): warning: In file included from...
../Libraries/SYSTEM\stm32f10x.h(478): warning: In file included from...
../Libraries/DRIVER/CMISIS\core_cm3.h(1720): warning: function 'NVIC_SystemReset' could be declared with attribute 'noreturn' [-Wmissing-noreturn]
{
^
1 warning generated.
compiling stm32f10x_iwdg.c...
../Libraries/STMLIB/src/stm32f10x_pwr.c(23): warning: In file included from...
../Libraries/STMLIB/inc\stm32f10x_pwr.h(32): warning: In file included from...
../Libraries/SYSTEM\stm32f10x.h(478): warning: In file included from...
../Libraries/DRIVER/CMISIS\core_cm3.h(1720): warning: function 'NVIC_SystemReset' could be declared with attribute 'noreturn' [-Wmissing-noreturn]
{
^
1 warning generated.
compiling stm32f10x_pwr.c...
../Libraries/STMLIB/src/stm32f10x_rcc.c(23): warning: In file included from...
../Libraries/STMLIB/inc\stm32f10x_rcc.h(32): warning: In file included from...
../Libraries/SYSTEM\stm32f10x.h(478): warning: In file included from...
../Libraries/DRIVER/CMISIS\core_cm3.h(1720): warning: function 'NVIC_SystemReset' could be declared with attribute 'noreturn' [-Wmissing-noreturn]
{
^
1 warning generated.
compiling stm32f10x_rcc.c...
../Libraries/STMLIB/src/stm32f10x_rtc.c(23): warning: In file included from...
../Libraries/STMLIB/inc\stm32f10x_rtc.h(32): warning: In file included from...
../Libraries/SYSTEM\stm32f10x.h(478): warning: In file included from...
../Libraries/DRIVER/CMISIS\core_cm3.h(1720): warning: function 'NVIC_SystemReset' could be declared with attribute 'noreturn' [-Wmissing-noreturn]
{
^
1 warning generated.
compiling stm32f10x_rtc.c...
../Libraries/STMLIB/src/stm32f10x_sdio.c(23): warning: In file included from...
../Libraries/STMLIB/inc\stm32f10x_sdio.h(32): warning: In file included from...
../Libraries/SYSTEM\stm32f10x.h(478): warning: In file included from...
../Libraries/DRIVER/CMISIS\core_cm3.h(1720): warning: function 'NVIC_SystemReset' could be declared with attribute 'noreturn' [-Wmissing-noreturn]
{
^
../Libraries/STMLIB/src/stm32f10x_sdio.c(23): warning: In file included from...
../Libraries/STMLIB/inc\stm32f10x_sdio.h(46): warning: padding size of 'SDIO_InitTypeDef' with 3 bytes to alignment boundary [-Wpadded]
typedef struct
        ^
2 warnings generated.
compiling stm32f10x_sdio.c...
../Libraries/STMLIB/src/stm32f10x_spi.c(23): warning: In file included from...
../Libraries/STMLIB/inc\stm32f10x_spi.h(32): warning: In file included from...
../Libraries/SYSTEM\stm32f10x.h(478): warning: In file included from...
../Libraries/DRIVER/CMISIS\core_cm3.h(1720): warning: function 'NVIC_SystemReset' could be declared with attribute 'noreturn' [-Wmissing-noreturn]
{
^
../Libraries/STMLIB/src/stm32f10x_spi.c(23): warning: In file included from...
../Libraries/STMLIB/inc\stm32f10x_spi.h(87): warning: padding size of 'I2S_InitTypeDef' with 2 bytes to alignment boundary [-Wpadded]
typedef struct
        ^
../Libraries/STMLIB/src/stm32f10x_spi.c(494): warning: implicit conversion loses integer precision: 'int' to 'uint16_t' (aka 'unsigned short') [-Wimplicit-int-conversion]
  itmask = (uint16_t)1 << (uint16_t)itpos;
         ~ ~~~~~~~~~~~~^~~~~~~~~~~~~~~~~~
../Libraries/STMLIB/src/stm32f10x_spi.c(839): warning: implicit conversion loses integer precision: 'int' to 'uint16_t' (aka 'unsigned short') [-Wimplicit-int-conversion]
  itpos = 0x01 << (SPI_I2S_IT & 0x0F);
        ~ ~~~~~^~~~~~~~~~~~~~~~~~~~~~
../Libraries/STMLIB/src/stm32f10x_spi.c(845): warning: implicit conversion loses integer precision: 'int' to 'uint16_t' (aka 'unsigned short') [-Wimplicit-int-conversion]
  itmask = 0x01 << itmask;
         ~ ~~~~~^~~~~~~~~
../Libraries/STMLIB/src/stm32f10x_spi.c(891): warning: implicit conversion loses integer precision: 'int' to 'uint16_t' (aka 'unsigned short') [-Wimplicit-int-conversion]
  itpos = 0x01 << (SPI_I2S_IT & 0x0F);
        ~ ~~~~~^~~~~~~~~~~~~~~~~~~~~~
6 warnings generated.
compiling stm32f10x_spi.c...
../Libraries/STMLIB/src/stm32f10x_wwdg.c(23): warning: In file included from...
../Libraries/STMLIB/inc\stm32f10x_wwdg.h(32): warning: In file included from...
../Libraries/SYSTEM\stm32f10x.h(478): warning: In file included from...
../Libraries/DRIVER/CMISIS\core_cm3.h(1720): warning: function 'NVIC_SystemReset' could be declared with attribute 'noreturn' [-Wmissing-noreturn]
{
^
1 warning generated.
compiling stm32f10x_wwdg.c...
../Libraries/PROLIB/src/Exit_book.c(1): warning: In file included from...
../Libraries/PROLIB/inc\Exit_book.h(4): warning: In file included from...
../Libraries/SYSTEM\stm32f10x.h(478): warning: In file included from...
../Libraries/DRIVER/CMISIS\core_cm3.h(1720): warning: function 'NVIC_SystemReset' could be declared with attribute 'noreturn' [-Wmissing-noreturn]
{
^
../Libraries/PROLIB/src/Exit_book.c(1): warning: In file included from...
../Libraries/PROLIB/inc\Exit_book.h(4): warning: In file included from...
../Libraries/SYSTEM\stm32f10x.h(8297): warning: In file included from...
../User\stm32f10x_conf.h(36): warning: In file included from...
../Libraries/STMLIB/inc\stm32f10x_exti.h(76): warning: padding size of 'EXTI_InitTypeDef' with 1 byte to alignment boundary [-Wpadded]
typedef struct
        ^
../Libraries/PROLIB/src/Exit_book.c(110): warning: no previous prototype for function 'EXTI15_10_IRQHandler' [-Wmissing-prototypes]
void EXTI15_10_IRQHandler(void){
     ^
../Libraries/PROLIB/src/Exit_book.c(110): note: declare 'static' if the function is not intended to be used outside of this translation unit
void EXTI15_10_IRQHandler(void){
^
static 
3 warnings generated.
compiling Exit_book.c...
../Libraries/STMLIB/src/stm32f10x_usart.c(23): warning: In file included from...
../Libraries/STMLIB/inc\stm32f10x_usart.h(32): warning: In file included from...
../Libraries/SYSTEM\stm32f10x.h(478): warning: In file included from...
../Libraries/DRIVER/CMISIS\core_cm3.h(1720): warning: function 'NVIC_SystemReset' could be declared with attribute 'noreturn' [-Wmissing-noreturn]
{
^
../Libraries/STMLIB/src/stm32f10x_usart.c(23): warning: In file included from...
../Libraries/STMLIB/inc\stm32f10x_usart.h(50): warning: padding size of 'USART_InitTypeDef' with 2 bytes to alignment boundary [-Wpadded]
typedef struct
        ^
../Libraries/STMLIB/src/stm32f10x_usart.c(1043): warning: implicit conversion loses integer precision: 'int' to 'uint16_t' (aka 'unsigned short') [-Wimplicit-int-conversion]
  itmask = ((uint16_t)0x01 << (uint16_t)bitpos);
         ~  ~~~~~~~~~~~~~~~^~~~~~~~~~~~~~~~~~~
3 warnings generated.
compiling stm32f10x_usart.c...
../Libraries/PROLIB/src/Key_book.c(1): warning: In file included from...
../Libraries/PROLIB/inc\Key_book.h(5): warning: In file included from...
../Libraries/SYSTEM\stm32f10x.h(478): warning: In file included from...
../Libraries/DRIVER/CMISIS\core_cm3.h(1720): warning: function 'NVIC_SystemReset' could be declared with attribute 'noreturn' [-Wmissing-noreturn]
{
^
1 warning generated.
compiling Key_book.c...
../Libraries/PROLIB/src/Led_book.c(1): warning: In file included from...
../Libraries/PROLIB/inc\Led_book.h(4): warning: In file included from...
../Libraries/SYSTEM\stm32f10x.h(478): warning: In file included from...
../Libraries/DRIVER/CMISIS\core_cm3.h(1720): warning: function 'NVIC_SystemReset' could be declared with attribute 'noreturn' [-Wmissing-noreturn]
{
^
1 warning generated.
compiling Led_book.c...
../Libraries/STMLIB/src/stm32f10x_tim.c(23): warning: In file included from...
../Libraries/STMLIB/inc\stm32f10x_tim.h(32): warning: In file included from...
../Libraries/SYSTEM\stm32f10x.h(478): warning: In file included from...
../Libraries/DRIVER/CMISIS\core_cm3.h(1720): warning: function 'NVIC_SystemReset' could be declared with attribute 'noreturn' [-Wmissing-noreturn]
{
^
../Libraries/STMLIB/src/stm32f10x_tim.c(23): warning: In file included from...
../Libraries/STMLIB/inc\stm32f10x_tim.h(51): warning: padding size of 'TIM_TimeBaseInitTypeDef' with 1 byte to alignment boundary [-Wpadded]
typedef struct
        ^
../Libraries/STMLIB/src/stm32f10x_tim.c(726): warning: implicit conversion loses integer precision: 'unsigned int' to 'uint16_t' (aka 'unsigned short') [-Wimplicit-int-conversion]
             TIM_BDTRInitStruct->TIM_Break | TIM_BDTRInitStruct->TIM_BreakPolarity |
             ~~~~~~~~~~~~~~~~~~~~~~~~~~~~~~~~~~~~~~~~~~~~~~~~~~~~~~~~~~~~~~~~~~~~~~^
../Libraries/STMLIB/src/stm32f10x_tim.c(1983): warning: implicit conversion loses integer precision: 'int' to 'uint16_t' (aka 'unsigned short') [-Wimplicit-int-conversion]
  tmp = CCER_CCE_Set << TIM_Channel;
      ~ ~~~~~~~~~~~~~^~~~~~~~~~~~~~
../Libraries/STMLIB/src/stm32f10x_tim.c(2013): warning: implicit conversion loses integer precision: 'int' to 'uint16_t' (aka 'unsigned short') [-Wimplicit-int-conversion]
  tmp = CCER_CCNE_Set << TIM_Channel;
      ~ ~~~~~~~~~~~~~~^~~~~~~~~~~~~~
../Libraries/STMLIB/src/stm32f10x_tim.c(2058): warning: implicit conversion loses integer precision: 'int' to 'uint16_t' (aka 'unsigned short') [-Wimplicit-int-conversion]
  tmp1 = CCER_CCE_Set << (uint16_t)TIM_Channel;
       ~ ~~~~~~~~~~~~~^~~~~~~~~~~~~~~~~~~~~~~~
6 warnings generated.
compiling stm32f10x_tim.c...
../Libraries/PROLIB/src/RCC_book.c(1): warning: In file included from...
../Libraries/PROLIB/inc\RCC_book.h(4): warning: In file included from...
../Libraries/SYSTEM\stm32f10x.h(478): warning: In file included from...
../Libraries/DRIVER/CMISIS\core_cm3.h(1720): warning: function 'NVIC_SystemReset' could be declared with attribute 'noreturn' [-Wmissing-noreturn]
{
^
1 warning generated.
compiling RCC_book.c...
../Libraries/PROLIB/src/Systick_book.c(1): warning: In file included from...
../Libraries/PROLIB/inc\Systick_book.h(4): warning: In file included from...
../Libraries/SYSTEM\stm32f10x.h(478): warning: In file included from...
../Libraries/DRIVER/CMISIS\core_cm3.h(1720): warning: function 'NVIC_SystemReset' could be declared with attribute 'noreturn' [-Wmissing-noreturn]
{
^
1 warning generated.
compiling Systick_book.c...
../Libraries/PROLIB/src/DMA_book.c(1): warning: In file included from...
../Libraries/PROLIB/inc\DMA_book.h(4): warning: In file included from...
../Libraries/SYSTEM\stm32f10x.h(478): warning: In file included from...
../Libraries/DRIVER/CMISIS\core_cm3.h(1720): warning: function 'NVIC_SystemReset' could be declared with attribute 'noreturn' [-Wmissing-noreturn]
{
^
../Libraries/PROLIB/src/DMA_book.c(116): warning: illegal character encoding in string literal [-Winvalid-source-encoding]
  printf("<BF><AA>ʼ ROM<C4>ڴ浽RAM<C4>ڴ<E6><B5><C4>DMA<B2><D9><D7><F7> \n");
          ^~~~~~~~     ~~~~      ~~~~ ~~~~~~~~~~~~   ~~~~~~~~~~~~~~~~
../Libraries/PROLIB/src/DMA_book.c(121): warning: illegal character encoding in string literal [-Winvalid-source-encoding]
      printf("ROM<C4>ڴ浽DMA<B2><D9><D7><F7><D2>쳣 \n");  
                 ^~~~      ~~~~~~~~~~~~~~~~~~~~
../Libraries/PROLIB/src/DMA_book.c(123): warning: illegal character encoding in string literal [-Winvalid-source-encoding]
      printf("ROM<C4>ڴ浽DMA<B2><D9><D7><F7><D5><FD><B3><A3> \n");      
                 ^~~~      ~~~~~~~~~~~~~~~~~~~~~~~~~~~~~~~~
../Libraries/PROLIB/src/DMA_book.c(131): warning: illegal character encoding in string literal [-Winvalid-source-encoding]
  printf("\n<BF><AA>ʼ ROM<B5><BD>USART<B5>Ĵ<AB><CB>ͳ<F5>ʼ<BB><AF>\n"); 
            ^~~~~~~~     ~~~~~~~~     ~~~~ ~~~~~~~~ ~~~~ ~~~~~~~~
../Libraries/PROLIB/src/DMA_book.c(133): warning: incompatible integer to pointer conversion assigning to 'uint32_t *' (aka 'unsigned int *') from 'uint32_t' (aka 'unsigned int'); take the address with & [-Wint-conversion]
  USART_DMA_Buffer = _DMA_AIM_ADDR;
                   ^ ~~~~~~~~~~~~~
                     &
../Libraries/PROLIB/src/DMA_book.c(135): warning: incompatible pointer to integer conversion passing 'uint32_t *' (aka 'unsigned int *') to parameter of type 'uint32_t' (aka 'unsigned int'); dereference with * [-Wint-conversion]
  _USART_DMA_Config(USART_DMA_CHANNEL ,USART_BUFFER_SIZE ,_DMA_Source_ADDR , USART_DMA_Buffer , DMA_DIR_PeripheralDST);
                                                                             ^~~~~~~~~~~~~~~~
                                                                             *
../Libraries/PROLIB/src/DMA_book.c(51): note: passing argument to parameter '_DMA_AIM_ADDR' here
void _USART_DMA_Config(DMA_Channel_TypeDef* _DMAy_Channelx , uint32_t _BUFFER_SIZE , uint32_t  _DMA_Source_ADDR,  uint32_t  _DMA_AIM_ADDR , uint32_t  _DMA_DIR){
                                                                                                                            ^
../Libraries/PROLIB/src/DMA_book.c(144): warning: illegal character encoding in string literal [-Winvalid-source-encoding]
  printf("\rROM<C4>ڴ浽USART<CD><E2><C9><E8><B5><C4>DMA<B2><D9><D7><F7><CD><EA><B1><CF>\n");//<D5><E2><B8><F6><BA><AF><CA><FD><D0><E8>ҪDelay һ<B6><CE>ʱ<BC><E4><B2>ſ<C9><D2><D4><D3><C3>
               ^~~~        ~~~~~~~~~~~~~~~~~~~~~~~~   ~~~~~~~~~~~~~~~~~~~~~~~~~~~~~~~~
8 warnings generated.
compiling DMA_book.c...
../Libraries/PROLIB/src/USART_book.c(1): warning: In file included from...
../Libraries/PROLIB/inc\USART_book.h(4): warning: In file included from...
../Libraries/SYSTEM\stm32f10x.h(478): warning: In file included from...
../Libraries/DRIVER/CMISIS\core_cm3.h(1720): warning: function 'NVIC_SystemReset' could be declared with attribute 'noreturn' [-Wmissing-noreturn]
{
^
../Libraries/PROLIB/src/USART_book.c(1): warning: In file included from...
../Libraries/PROLIB/inc\USART_book.h(4): warning: In file included from...
../Libraries/SYSTEM\stm32f10x.h(8297): warning: In file included from...
../User\stm32f10x_conf.h(48): warning: In file included from...
../Libraries/STMLIB/inc\stm32f10x_usart.h(50): warning: padding size of 'USART_InitTypeDef' with 2 bytes to alignment boundary [-Wpadded]
typedef struct
        ^
../Libraries/PROLIB/src/USART_book.c(185): warning: unused parameter 'f' [-Wunused-parameter]
int fputc (int ch , FILE *f){ 
                          ^
../Libraries/PROLIB/src/USART_book.c(199): warning: unused parameter 'f' [-Wunused-parameter]
int fgetc(FILE *f){
                ^
../Libraries/PROLIB/src/USART_book.c(214): warning: implicit conversion loses integer precision: 'uint16_t' (aka 'unsigned short') to 'uint8_t' (aka 'unsigned char') [-Wimplicit-int-conversion]
    ucTemp = USART_ReceiveData(_DEBUG_USARTx);
           ~ ^~~~~~~~~~~~~~~~~~~~~~~~~~~~~~~~
5 warnings generated.
compiling USART_book.c...
../Libraries/PROLIB/src/I2C_book.c(1): warning: In file included from...
../Libraries/PROLIB/inc\I2C_book.h(4): warning: In file included from...
../Libraries/SYSTEM\stm32f10x.h(478): warning: In file included from...
../Libraries/DRIVER/CMISIS\core_cm3.h(1720): warning: function 'NVIC_SystemReset' could be declared with attribute 'noreturn' [-Wmissing-noreturn]
{
^
../Libraries/PROLIB/src/I2C_book.c(1): warning: In file included from...
../Libraries/PROLIB/inc\I2C_book.h(4): warning: In file included from...
../Libraries/SYSTEM\stm32f10x.h(8297): warning: In file included from...
../User\stm32f10x_conf.h(40): warning: In file included from...
../Libraries/STMLIB/inc\stm32f10x_i2c.h(50): warning: padding size of 'I2C_InitTypeDef' with 2 bytes to alignment boundary [-Wpadded]
typedef struct
        ^
../Libraries/PROLIB/src/I2C_book.c(56): warning: illegal character encoding in string literal [-Winvalid-source-encoding]
  fn_Usart_SendString(_DEBUG_USARTx,"I2C <B5>ȴ<FD><B3><AC>ʱ!errorCode =");
                                         ^~~~ ~~~~~~~~~~~~
../Libraries/PROLIB/src/I2C_book.c(76): warning: implicit conversion from 'uint32_t' (aka 'unsigned int') to 'uint16_t' (aka 'unsigned short') changes value from 245760 to 49152 [-Wconstant-conversion]
  I2CTimeout = I2CT_LONG_TIMEOUT;
             ~ ^~~~~~~~~~~~~~~~~
../Libraries/PROLIB/src/I2C_book.c(65): note: expanded from macro 'I2CT_LONG_TIMEOUT'
#define  I2CT_LONG_TIMEOUT  ((uint32_t)(10*I2CT_FLAG_TIMEOUT))
                             ^~~~~~~~~~~~~~~~~~~~~~~~~~~~~~~~
../Libraries/PROLIB/src/I2C_book.c(83): warning: implicit conversion from 'uint32_t' (aka 'unsigned int') to 'uint16_t' (aka 'unsigned short') changes value from 245760 to 49152 [-Wconstant-conversion]
  I2CTimeout = I2CT_LONG_TIMEOUT; //<D5><E2><B8><F6><B1><E4><C1><BF><CA><C7><D1><D3>ʱ<D2>쳣ʱ<BC><E4>
             ~ ^~~~~~~~~~~~~~~~~
../Libraries/PROLIB/src/I2C_book.c(65): note: expanded from macro 'I2CT_LONG_TIMEOUT'
#define  I2CT_LONG_TIMEOUT  ((uint32_t)(10*I2CT_FLAG_TIMEOUT))
                             ^~~~~~~~~~~~~~~~~~~~~~~~~~~~~~~~
../Libraries/PROLIB/src/I2C_book.c(91): warning: implicit conversion from 'uint32_t' (aka 'unsigned int') to 'uint16_t' (aka 'unsigned short') changes value from 245760 to 49152 [-Wconstant-conversion]
  I2CTimeout = I2CT_LONG_TIMEOUT; //<D5><E2><B8><F6><B1><E4><C1><BF><CA><C7><D1><D3>ʱ<D2>쳣ʱ<BC><E4>
             ~ ^~~~~~~~~~~~~~~~~
../Libraries/PROLIB/src/I2C_book.c(65): note: expanded from macro 'I2CT_LONG_TIMEOUT'
#define  I2CT_LONG_TIMEOUT  ((uint32_t)(10*I2CT_FLAG_TIMEOUT))
                             ^~~~~~~~~~~~~~~~~~~~~~~~~~~~~~~~
../Libraries/PROLIB/src/I2C_book.c(99): warning: implicit conversion from 'uint32_t' (aka 'unsigned int') to 'uint16_t' (aka 'unsigned short') changes value from 245760 to 49152 [-Wconstant-conversion]
  I2CTimeout = I2CT_LONG_TIMEOUT;
             ~ ^~~~~~~~~~~~~~~~~
../Libraries/PROLIB/src/I2C_book.c(65): note: expanded from macro 'I2CT_LONG_TIMEOUT'
#define  I2CT_LONG_TIMEOUT  ((uint32_t)(10*I2CT_FLAG_TIMEOUT))
                             ^~~~~~~~~~~~~~~~~~~~~~~~~~~~~~~~
../Libraries/PROLIB/src/I2C_book.c(107): warning: implicit conversion from 'uint32_t' (aka 'unsigned int') to 'uint16_t' (aka 'unsigned short') changes value from 245760 to 49152 [-Wconstant-conversion]
  I2CTimeout = I2CT_LONG_TIMEOUT;
             ~ ^~~~~~~~~~~~~~~~~
../Libraries/PROLIB/src/I2C_book.c(65): note: expanded from macro 'I2CT_LONG_TIMEOUT'
#define  I2CT_LONG_TIMEOUT  ((uint32_t)(10*I2CT_FLAG_TIMEOUT))
                             ^~~~~~~~~~~~~~~~~~~~~~~~~~~~~~~~
../Libraries/PROLIB/src/I2C_book.c(156): warning: implicit conversion loses integer precision: 'uint32_t' (aka 'unsigned int') to 'uint8_t' (aka 'unsigned char') [-Wimplicit-int-conversion]
    if((I2CTimeout--) == 0){return  I2C_TIMEOUT_UserCallback(4);}
                            ~~~~~~  ^~~~~~~~~~~~~~~~~~~~~~~~~~~
../Libraries/PROLIB/src/I2C_book.c(163): warning: implicit conversion loses integer precision: 'uint32_t' (aka 'unsigned int') to 'uint8_t' (aka 'unsigned char') [-Wimplicit-int-conversion]
    if((I2CTimeout--)==0){return I2C_TIMEOUT_UserCallback(5);}
                          ~~~~~~ ^~~~~~~~~~~~~~~~~~~~~~~~~~~
../Libraries/PROLIB/src/I2C_book.c(171): warning: implicit conversion loses integer precision: 'uint32_t' (aka 'unsigned int') to 'uint8_t' (aka 'unsigned char') [-Wimplicit-int-conversion]
    if((I2CTimeout--)==0){return I2C_TIMEOUT_UserCallback(6);}
                          ~~~~~~ ^~~~~~~~~~~~~~~~~~~~~~~~~~~
../Libraries/PROLIB/src/I2C_book.c(179): warning: implicit conversion loses integer precision: 'uint32_t' (aka 'unsigned int') to 'uint8_t' (aka 'unsigned char') [-Wimplicit-int-conversion]
    if((I2CTimeout--)==0){return I2C_TIMEOUT_UserCallback(7);}
                          ~~~~~~ ^~~~~~~~~~~~~~~~~~~~~~~~~~~
../Libraries/PROLIB/src/I2C_book.c(189): warning: implicit conversion loses integer precision: 'uint32_t' (aka 'unsigned int') to 'uint8_t' (aka 'unsigned char') [-Wimplicit-int-conversion]
      if((I2CTimeout--)==0){return I2C_TIMEOUT_UserCallback(8);}
                            ~~~~~~ ^~~~~~~~~~~~~~~~~~~~~~~~~~~
../Libraries/PROLIB/src/I2C_book.c(154): warning: implicit conversion from 'uint32_t' (aka 'unsigned int') to 'uint16_t' (aka 'unsigned short') changes value from 245760 to 49152 [-Wconstant-conversion]
  I2CTimeout = I2CT_LONG_TIMEOUT;
             ~ ^~~~~~~~~~~~~~~~~
../Libraries/PROLIB/src/I2C_book.c(65): note: expanded from macro 'I2CT_LONG_TIMEOUT'
#define  I2CT_LONG_TIMEOUT  ((uint32_t)(10*I2CT_FLAG_TIMEOUT))
                             ^~~~~~~~~~~~~~~~~~~~~~~~~~~~~~~~
../Libraries/PROLIB/src/I2C_book.c(160): warning: implicit conversion from 'uint32_t' (aka 'unsigned int') to 'uint16_t' (aka 'unsigned short') changes value from 245760 to 49152 [-Wconstant-conversion]
  I2CTimeout = I2CT_LONG_TIMEOUT; //<D5><E2><B8><F6><B1><E4><C1><BF><CA><C7><D1><D3>ʱ<D2>쳣ʱ<BC><E4>
             ~ ^~~~~~~~~~~~~~~~~
../Libraries/PROLIB/src/I2C_book.c(65): note: expanded from macro 'I2CT_LONG_TIMEOUT'
#define  I2CT_LONG_TIMEOUT  ((uint32_t)(10*I2CT_FLAG_TIMEOUT))
                             ^~~~~~~~~~~~~~~~~~~~~~~~~~~~~~~~
../Libraries/PROLIB/src/I2C_book.c(168): warning: implicit conversion from 'uint32_t' (aka 'unsigned int') to 'uint16_t' (aka 'unsigned short') changes value from 245760 to 49152 [-Wconstant-conversion]
  I2CTimeout = I2CT_LONG_TIMEOUT; //<D5><E2><B8><F6><B1><E4><C1><BF><CA><C7><D1><D3>ʱ<D2>쳣ʱ<BC><E4>
             ~ ^~~~~~~~~~~~~~~~~
../Libraries/PROLIB/src/I2C_book.c(65): note: expanded from macro 'I2CT_LONG_TIMEOUT'
#define  I2CT_LONG_TIMEOUT  ((uint32_t)(10*I2CT_FLAG_TIMEOUT))
                             ^~~~~~~~~~~~~~~~~~~~~~~~~~~~~~~~
../Libraries/PROLIB/src/I2C_book.c(176): warning: implicit conversion from 'uint32_t' (aka 'unsigned int') to 'uint16_t' (aka 'unsigned short') changes value from 245760 to 49152 [-Wconstant-conversion]
  I2CTimeout = I2CT_LONG_TIMEOUT; //<D5><E2><B8><F6><B1><E4><C1><BF><CA><C7><D1><D3>ʱ<D2>쳣ʱ<BC><E4>
             ~ ^~~~~~~~~~~~~~~~~
../Libraries/PROLIB/src/I2C_book.c(65): note: expanded from macro 'I2CT_LONG_TIMEOUT'
#define  I2CT_LONG_TIMEOUT  ((uint32_t)(10*I2CT_FLAG_TIMEOUT))
                             ^~~~~~~~~~~~~~~~~~~~~~~~~~~~~~~~
../Libraries/PROLIB/src/I2C_book.c(215): warning: implicit conversion loses integer precision: 'int' to 'u8' (aka 'unsigned char') [-Wimplicit-int-conversion]
  NumOfPage = NumByteToWrite / I2C_PageSize;
            ~ ~~~~~~~~~~~~~~~^~~~~~~~~~~~~~
../Libraries/PROLIB/src/I2C_book.c(267): warning: implicit conversion loses integer precision: 'int' to 'u8' (aka 'unsigned char') [-Wimplicit-int-conversion]
      NumOfPage = NumByteToWrite / I2C_PageSize ;
                ~ ~~~~~~~~~~~~~~~^~~~~~~~~~~~~~
../Libraries/PROLIB/src/I2C_book.c(307): warning: implicit conversion loses integer precision: 'uint32_t' (aka 'unsigned int') to 'uint8_t' (aka 'unsigned char') [-Wimplicit-int-conversion]
      if((I2CTimeout--)==0){return I2C_TIMEOUT_UserCallback(9);}
                            ~~~~~~ ^~~~~~~~~~~~~~~~~~~~~~~~~~~
../Libraries/PROLIB/src/I2C_book.c(315): warning: implicit conversion loses integer precision: 'uint32_t' (aka 'unsigned int') to 'uint8_t' (aka 'unsigned char') [-Wimplicit-int-conversion]
      if((I2CTimeout--)==0){ return I2C_TIMEOUT_UserCallback(10);}
                             ~~~~~~ ^~~~~~~~~~~~~~~~~~~~~~~~~~~~
../Libraries/PROLIB/src/I2C_book.c(323): warning: implicit conversion loses integer precision: 'uint32_t' (aka 'unsigned int') to 'uint8_t' (aka 'unsigned char') [-Wimplicit-int-conversion]
      if((I2CTimeout--)==0){ return I2C_TIMEOUT_UserCallback(11);}
                             ~~~~~~ ^~~~~~~~~~~~~~~~~~~~~~~~~~~~
../Libraries/PROLIB/src/I2C_book.c(333): warning: implicit conversion loses integer precision: 'uint32_t' (aka 'unsigned int') to 'uint8_t' (aka 'unsigned char') [-Wimplicit-int-conversion]
      if((I2CTimeout--)==0){ return I2C_TIMEOUT_UserCallback(12);}
                             ~~~~~~ ^~~~~~~~~~~~~~~~~~~~~~~~~~~~
../Libraries/PROLIB/src/I2C_book.c(341): warning: implicit conversion loses integer precision: 'uint32_t' (aka 'unsigned int') to 'uint8_t' (aka 'unsigned char') [-Wimplicit-int-conversion]
      if((I2CTimeout--)==0){ return I2C_TIMEOUT_UserCallback(13);}
                             ~~~~~~ ^~~~~~~~~~~~~~~~~~~~~~~~~~~~
../Libraries/PROLIB/src/I2C_book.c(349): warning: implicit conversion loses integer precision: 'uint32_t' (aka 'unsigned int') to 'uint8_t' (aka 'unsigned char') [-Wimplicit-int-conversion]
      if((I2CTimeout--)==0){ return I2C_TIMEOUT_UserCallback(14);}
                             ~~~~~~ ^~~~~~~~~~~~~~~~~~~~~~~~~~~~
../Libraries/PROLIB/src/I2C_book.c(363): warning: implicit conversion loses integer precision: 'uint32_t' (aka 'unsigned int') to 'uint8_t' (aka 'unsigned char') [-Wimplicit-int-conversion]
        if((I2CTimeout--)==0){return I2C_TIMEOUT_UserCallback(3);}
                              ~~~~~~ ^~~~~~~~~~~~~~~~~~~~~~~~~~~
../Libraries/PROLIB/src/I2C_book.c(305): warning: implicit conversion from 'uint32_t' (aka 'unsigned int') to 'uint16_t' (aka 'unsigned short') changes value from 245760 to 49152 [-Wconstant-conversion]
    I2CTimeout = I2CT_LONG_TIMEOUT ;
               ~ ^~~~~~~~~~~~~~~~~
../Libraries/PROLIB/src/I2C_book.c(65): note: expanded from macro 'I2CT_LONG_TIMEOUT'
#define  I2CT_LONG_TIMEOUT  ((uint32_t)(10*I2CT_FLAG_TIMEOUT))
                             ^~~~~~~~~~~~~~~~~~~~~~~~~~~~~~~~
../Libraries/PROLIB/src/I2C_book.c(361): warning: implicit conversion from 'uint32_t' (aka 'unsigned int') to 'uint16_t' (aka 'unsigned short') changes value from 245760 to 49152 [-Wconstant-conversion]
      I2CTimeout = I2CT_LONG_TIMEOUT;
                 ~ ^~~~~~~~~~~~~~~~~
../Libraries/PROLIB/src/I2C_book.c(65): note: expanded from macro 'I2CT_LONG_TIMEOUT'
#define  I2CT_LONG_TIMEOUT  ((uint32_t)(10*I2CT_FLAG_TIMEOUT))
                             ^~~~~~~~~~~~~~~~~~~~~~~~~~~~~~~~
../Libraries/PROLIB/src/I2C_book.c(400): warning: illegal character encoding in string literal [-Winvalid-source-encoding]
  printf("I2C_д<C8><EB><CA><FD><BE><DD> \n");
               ^~~~~~~~~~~~~~~~~~~~~~~~
../Libraries/PROLIB/src/I2C_book.c(408): warning: illegal character encoding in string literal [-Winvalid-source-encoding]
  printf("\nI2C_д<C8><EB><CA><FD><BE><DD><CD><EA><B3><C9> \n");
                 ^~~~~~~~~~~~~~~~~~~~~~~~~~~~~~~~~~~~~~~~
../Libraries/PROLIB/src/I2C_book.c(428): warning: illegal character encoding in string literal [-Winvalid-source-encoding]
  printf("I2C_<CA><FD><BE>ݼ<EC><B2><E2> \n");
              ^~~~~~~~~~~~ ~~~~~~~~~~~~
../Libraries/PROLIB/src/I2C_book.c(430): warning: illegal character encoding in string literal [-Winvalid-source-encoding]
  printf("\nI2C_<CA><FD><BE>ݶ<C1>ȡ<CD><EA><B1><CF> \n");
                ^~~~~~~~~~~~ ~~~~ ~~~~~~~~~~~~~~~~
../Libraries/PROLIB/src/I2C_book.c(436): warning: illegal character encoding in string literal [-Winvalid-source-encoding]
   printf("\n--->I2C_<CA><FD><BE>ݼ<EC><B2><E2><CD><EA><B3><C9>\n");
                     ^~~~~~~~~~~~ ~~~~~~~~~~~~~~~~~~~~~~~~~~~~
../Libraries/PROLIB/src/I2C_book.c(74): warning: unused function 'I2C_EE_ByteWrite' [-Wunused-function]
static uint32_t  I2C_EE_ByteWrite(u8* pBuffer, uint8_t WriteAddr ){
                 ^
../Libraries/PROLIB/src/I2C_book.c(208): warning: unused function 'I2C_EE_BufferWrite' [-Wunused-function]
static void I2C_EE_BufferWrite(uint8_t* pBuffer, uint8_t WriteAddr, uint16_t NumByteToWrite){
            ^
35 warnings generated.
compiling I2C_book.c...
../Libraries/PROLIB/src/I2C_soft_book.c(1): warning: In file included from...
../Libraries/PROLIB/inc\I2C_soft_book.h(4): warning: In file included from...
../Libraries/SYSTEM\stm32f10x.h(478): warning: In file included from...
../Libraries/DRIVER/CMISIS\core_cm3.h(1720): warning: function 'NVIC_SystemReset' could be declared with attribute 'noreturn' [-Wmissing-noreturn]
{
^
../Libraries/PROLIB/src/I2C_soft_book.c(4): warning: type specifier missing, defaults to 'int' [-Wimplicit-int]
static I2C_GPIO_Soft_Config(void){
~~~~~~ ^
../Libraries/PROLIB/src/I2C_soft_book.c(17): warning: non-void function does not return a value [-Wreturn-type]
}
^
../Libraries/PROLIB/src/I2C_soft_book.c(200): warning: implicitly declaring library function 'printf' with type 'int (const char *, ...)' [-Wimplicit-function-declaration]
  if(I2C_WaitAck()!=0){printf("EEPROM <B4><ED><CE><F3> 1 !\r\n"); goto  CMD_Fail;}
                       ^
../Libraries/PROLIB/src/I2C_soft_book.c(200): note: include the header <stdio.h> or explicitly provide a declaration for 'printf'
../Libraries/PROLIB/src/I2C_soft_book.c(200): warning: illegal character encoding in string literal [-Winvalid-source-encoding]
  if(I2C_WaitAck()!=0){printf("EEPROM <B4><ED><CE><F3> 1 !\r\n"); goto  CMD_Fail;}
                                      ^~~~~~~~~~~~~~~~
../Libraries/PROLIB/src/I2C_soft_book.c(204): warning: illegal character encoding in string literal [-Winvalid-source-encoding]
  if(I2C_WaitAck()!=0){printf("EEPROM <B4><ED><CE><F3> 2 !\r\n");goto  CMD_Fail;}
                                      ^~~~~~~~~~~~~~~~
../Libraries/PROLIB/src/I2C_soft_book.c(212): warning: illegal character encoding in string literal [-Winvalid-source-encoding]
  if(I2C_WaitAck()!=0){printf("EEPROM <B4><ED><CE><F3>3 !\r\n"); goto  CMD_Fail;}
                                      ^~~~~~~~~~~~~~~~
../Libraries/PROLIB/src/I2C_soft_book.c(248): warning: & has lower precedence than ==; == will be evaluated first [-Wparentheses]
    if((i==0)||(usAddr)&(_I2C_Soft_PageSize-1)==0){
                       ^~~~~~~~~~~~~~~~~~~~~~~~~~
../Libraries/PROLIB/src/I2C_soft_book.c(248): note: place parentheses around the '==' expression to silence this warning
    if((i==0)||(usAddr)&(_I2C_Soft_PageSize-1)==0){
                       ^
                        (                        )
../Libraries/PROLIB/src/I2C_soft_book.c(248): note: place parentheses around the & expression to evaluate it first
    if((i==0)||(usAddr)&(_I2C_Soft_PageSize-1)==0){
                       ^
               (                              )
../Libraries/PROLIB/src/I2C_soft_book.c(261): warning: illegal character encoding in string literal [-Winvalid-source-encoding]
      if(m==100){printf("EEPROM <B4><ED><CE><F3> 4 !\r\n"); goto CMD_FAIL_bytes ; }
                                ^~~~~~~~~~~~~~~~
../Libraries/PROLIB/src/I2C_soft_book.c(263): warning: illegal character encoding in string literal [-Winvalid-source-encoding]
      if(I2C_WaitAck()!=0){printf("EEPROM <B4><ED><CE><F3> 5 !\r\n"); goto CMD_FAIL_bytes;}
                                          ^~~~~~~~~~~~~~~~
../Libraries/PROLIB/src/I2C_soft_book.c(268): warning: illegal character encoding in string literal [-Winvalid-source-encoding]
    if(I2C_WaitAck()!=0){printf("EEPROM <B4><ED><CE><F3> 7 !\r\n"); goto CMD_FAIL_bytes;}
                                        ^~~~~~~~~~~~~~~~
../Libraries/PROLIB/src/I2C_soft_book.c(298): warning: illegal character encoding in string literal [-Winvalid-source-encoding]
    printf("<B2><C1><B3><FD>EEPROM<B3><F6><B4><ED><A3><A1>\r\n");
            ^~~~~~~~~~~~~~~~      ~~~~~~~~~~~~~~~~~~~~~~~~
../Libraries/PROLIB/src/I2C_soft_book.c(301): warning: illegal character encoding in string literal [-Winvalid-source-encoding]
    printf("<B2><C1><B3><FD>EEPROM<B3><F6><B4><ED><A3><A1>\r\n");
            ^~~~~~~~~~~~~~~~      ~~~~~~~~~~~~~~~~~~~~~~~~
../Libraries/PROLIB/src/I2C_soft_book.c(314): warning: illegal character encoding in string literal [-Winvalid-source-encoding]
      printf("û<D3>м<EC><B2><U+2D7D><B4><AE><D0><D0>EEPROM!\r\n");
               ^~~~ ~~~~~~~~        ~~~~~~~~~~~~~~~~
../Libraries/PROLIB/src/I2C_soft_book.c(330): warning: illegal character encoding in string literal [-Winvalid-source-encoding]
                printf("û<D3>м<EC><B2><U+2D7D><B4><AE><D0><D0>EEPROM!\r\n");
                         ^~~~ ~~~~~~~~        ~~~~~~~~~~~~~~~~
../Libraries/PROLIB/src/I2C_soft_book.c(336): warning: illegal character encoding in string literal [-Winvalid-source-encoding]
                printf("дEEPROM<B4><ED><CE><F3>!\r\n");
                               ^~~~~~~~~~~~~~~~
../Libraries/PROLIB/src/I2C_soft_book.c(340): warning: illegal character encoding in string literal [-Winvalid-source-encoding]
                printf("дEEPROM<B3>ɹ<A6>!\r\n");
                               ^~~~ ~~~~
../Libraries/PROLIB/src/I2C_soft_book.c(344): warning: illegal character encoding in string literal [-Winvalid-source-encoding]
  printf("EEPROMд<C8><EB><CA><FD><BE>ݼ<EC><B2><E9><BC><EC><B2><E9>\r\n");
                 ^~~~~~~~~~~~~~~~~~~~ ~~~~~~~~~~~~~~~~~~~~~~~~~~~~
../Libraries/PROLIB/src/I2C_soft_book.c(362): warning: illegal character encoding in string literal [-Winvalid-source-encoding]
                printf("<B6><C1>EEPROM<B4><ED><CE><F3>!\r\n");
                        ^~~~~~~~      ~~~~~~~~~~~~~~~~
../Libraries/PROLIB/src/I2C_soft_book.c(366): warning: illegal character encoding in string literal [-Winvalid-source-encoding]
                printf("\n<B6><C1>EEPROM<B3>ɹ<A6>!\r\n");
                          ^~~~~~~~      ~~~~ ~~~~
../Libraries/PROLIB/src/I2C_soft_book.c(369): warning: illegal character encoding in string literal [-Winvalid-source-encoding]
  printf("EEPROM<B6><C1>ȡ<CA><FD><BE><DD><CA><FD><BE>ݼ<EC><B2><E9> \r\n");
                ^~~~~~~~ ~~~~~~~~~~~~~~~~~~~~~~~~~~~~ ~~~~~~~~~~~~
21 warnings generated.
compiling I2C_soft_book.c...
../Libraries/PROLIB/src/SPI_book.c(1): warning: In file included from...
../Libraries/PROLIB/inc\SPI_book.h(4): warning: In file included from...
../Libraries/SYSTEM\stm32f10x.h(478): warning: In file included from...
../Libraries/DRIVER/CMISIS\core_cm3.h(1720): warning: function 'NVIC_SystemReset' could be declared with attribute 'noreturn' [-Wmissing-noreturn]
{
^
../Libraries/PROLIB/src/SPI_book.c(1): warning: In file included from...
../Libraries/PROLIB/inc\SPI_book.h(35): warning: named variadic macros are a GNU extension [-Wvariadic-macros]
#define FLASH_ERROR(fmt,arg...)          printf("<<-FLASH-ERROR->> "fmt"\n",##arg)
                           ^
../Libraries/PROLIB/inc\SPI_book.h(35): warning: token pasting of ',' and __VA_ARGS__ is a GNU extension [-Wgnu-zero-variadic-macro-arguments]
#define FLASH_ERROR(fmt,arg...)          printf("<<-FLASH-ERROR->> "fmt"\n",##arg)
                                                                            ^
../Libraries/PROLIB/src/SPI_book.c(89): warning: implicitly declaring library function 'printf' with type 'int (const char *, ...)' [-Wimplicit-function-declaration]
  FLASH_ERROR("SPI <B5>ȴ<FD><B3><AC>ʱ!errorCode = %d",errorCode);
  ^
../Libraries/PROLIB/inc\SPI_book.h(35): note: expanded from macro 'FLASH_ERROR'
#define FLASH_ERROR(fmt,arg...)          printf("<<-FLASH-ERROR->> "fmt"\n",##arg)
                                         ^
../Libraries/PROLIB/src/SPI_book.c(89): note: include the header <stdio.h> or explicitly provide a declaration for 'printf'
../Libraries/PROLIB/inc\SPI_book.h(35): note: expanded from macro 'FLASH_ERROR'
#define FLASH_ERROR(fmt,arg...)          printf("<<-FLASH-ERROR->> "fmt"\n",##arg)
                                         ^
../Libraries/PROLIB/src/SPI_book.c(89): warning: illegal character encoding in string literal [-Winvalid-source-encoding]
  FLASH_ERROR("SPI <B5>ȴ<FD><B3><AC>ʱ!errorCode = %d",errorCode);
                   ^~~~ ~~~~~~~~~~~~
../Libraries/PROLIB/inc\SPI_book.h(35): note: expanded from macro 'FLASH_ERROR'
#define FLASH_ERROR(fmt,arg...)          printf("<<-FLASH-ERROR->> "fmt"\n",##arg)
                                                                    ^~~
../Libraries/PROLIB/src/SPI_book.c(102): warning: implicit conversion loses integer precision: 'uint32_t' (aka 'unsigned int') to 'uint8_t' (aka 'unsigned char') [-Wimplicit-int-conversion]
    if(SPITimeout--==0) {return SPI_TIMEOUT_UserCallback(0);}
                         ~~~~~~ ^~~~~~~~~~~~~~~~~~~~~~~~~~~
../Libraries/PROLIB/src/SPI_book.c(109): warning: implicit conversion loses integer precision: 'uint32_t' (aka 'unsigned int') to 'uint8_t' (aka 'unsigned char') [-Wimplicit-int-conversion]
    if(SPITimeout--==0) {return SPI_TIMEOUT_UserCallback(1);}
                         ~~~~~~ ^~~~~~~~~~~~~~~~~~~~~~~~~~~
../Libraries/PROLIB/src/SPI_book.c(112): warning: implicit conversion loses integer precision: 'uint16_t' (aka 'unsigned short') to 'uint8_t' (aka 'unsigned char') [-Wimplicit-int-conversion]
  return SPI_I2S_ReceiveData(_FLASH_SPIx);
  ~~~~~~ ^~~~~~~~~~~~~~~~~~~~~~~~~~~~~~~~
../Libraries/PROLIB/src/SPI_book.c(124): warning: implicit conversion loses integer precision: 'uint32_t' (aka 'unsigned int') to 'uint8_t' (aka 'unsigned char') [-Wimplicit-int-conversion]
    if(SPITimeout--==0) {return SPI_TIMEOUT_UserCallback(2);}
                         ~~~~~~ ^~~~~~~~~~~~~~~~~~~~~~~~~~~
../Libraries/PROLIB/src/SPI_book.c(131): warning: implicit conversion loses integer precision: 'uint32_t' (aka 'unsigned int') to 'uint8_t' (aka 'unsigned char') [-Wimplicit-int-conversion]
    if(SPITimeout--==0) {return SPI_TIMEOUT_UserCallback(3);}
                         ~~~~~~ ^~~~~~~~~~~~~~~~~~~~~~~~~~~
../Libraries/PROLIB/src/SPI_book.c(134): warning: implicit conversion loses integer precision: 'uint16_t' (aka 'unsigned short') to 'uint8_t' (aka 'unsigned char') [-Wimplicit-int-conversion]
  return SPI_I2S_ReceiveData(_FLASH_SPIx);
  ~~~~~~ ^~~~~~~~~~~~~~~~~~~~~~~~~~~~~~~~
../Libraries/PROLIB/src/SPI_book.c(191): warning: type specifier missing, defaults to 'int' [-Wimplicit-int]
static SPI_WaitForWriteEnd(void){
~~~~~~ ^
../Libraries/PROLIB/src/SPI_book.c(201): warning: non-void function does not return a value [-Wreturn-type]
}
^
../Libraries/PROLIB/src/SPI_book.c(354): warning: implicit conversion loses integer precision: 'uint32_t' (aka 'unsigned int') to 'uint16_t' (aka 'unsigned short') [-Wimplicit-int-conversion]
    SPI_Write_Data(writeBuffer ,WriteAddr ,NumOfSingle );
    ~~~~~~~~~~~~~~                         ^~~~~~~~~~~
../Libraries/PROLIB/src/SPI_book.c(376): warning: no newline at end of file [-Wnewline-eof]
 
 ^
../Libraries/PROLIB/src/SPI_book.c(120): warning: unused function 'SPI_FLASH_SendHalf_Byte' [-Wunused-function]
static uint8_t SPI_FLASH_SendHalf_Byte(uint16_t Halfdata){
               ^
16 warnings generated.
compiling SPI_book.c...
../User/main.c(16): warning: In file included from...
../Libraries/SYSTEM\stm32f10x.h(478): warning: In file included from...
../Libraries/DRIVER/CMISIS\core_cm3.h(1720): warning: function 'NVIC_SystemReset' could be declared with attribute 'noreturn' [-Wmissing-noreturn]
{
^
../User/main.c(17): warning: In file included from...
../Libraries/PROLIB/inc\PROJ_book.h(14): warning: In file included from...
../Libraries/PROLIB/inc/SPI_book.h(35): warning: named variadic macros are a GNU extension [-Wvariadic-macros]
#define FLASH_ERROR(fmt,arg...)          printf("<<-FLASH-ERROR->> "fmt"\n",##arg)
                           ^
../User/main.c(72): warning: illegal character encoding in string literal [-Winvalid-source-encoding]
  printf("\n ---> LED<BF><AA>ʼ<D4><CB><D0><D0> \n");
                     ^~~~~~~~ ~~~~~~~~~~~~~~~~
../User/main.c(90): warning: illegal character encoding in string literal [-Winvalid-source-encoding]
  printf("--><B4><AE><BF><DA>ͨ<D0><C5>ָ<B2><E2><CA><D4><CD><EA><B1><CF> \n");
             ^~~~~~~~~~~~~~~~~~~~~~~~~~~~~~~~~~~~~~~~~~~~~~~~~~~~~~~~
../User/main.c(95): warning: illegal character encoding in string literal [-Winvalid-source-encoding]
  printf("\n ---> DMA<BF><AA>ʼ<D4><CB><D0><D0> \n");
                     ^~~~~~~~ ~~~~~~~~~~~~~~~~
../User/main.c(96): warning: incompatible pointer to integer conversion passing 'const uint32_t [20]' to parameter of type 'uint32_t' (aka 'unsigned int') [-Wint-conversion]
  _DMA_ROM_TO_RAM(Map_BUFFER_SIZE ,aSRC_Cont_Buffer , aDST_Buffer);
                                   ^~~~~~~~~~~~~~~~
../Libraries/PROLIB/inc/DMA_book.h(32): note: passing argument to parameter '_DMA_Source_ADDR' here
void _DMA_ROM_TO_RAM(uint32_t _BUFFER_SIZE , uint32_t  _DMA_Source_ADDR,  uint32_t  _DMA_AIM_ADDR );
                                                       ^
../User/main.c(96): warning: incompatible pointer to integer conversion passing 'uint32_t [20]' to parameter of type 'uint32_t' (aka 'unsigned int') [-Wint-conversion]
  _DMA_ROM_TO_RAM(Map_BUFFER_SIZE ,aSRC_Cont_Buffer , aDST_Buffer);
                                                      ^~~~~~~~~~~
../Libraries/PROLIB/inc/DMA_book.h(32): note: passing argument to parameter '_DMA_AIM_ADDR' here
void _DMA_ROM_TO_RAM(uint32_t _BUFFER_SIZE , uint32_t  _DMA_Source_ADDR,  uint32_t  _DMA_AIM_ADDR );
                                                                                    ^
../User/main.c(97): warning: incompatible pointer to integer conversion passing 'uint32_t [20]' to parameter of type 'uint32_t' (aka 'unsigned int') [-Wint-conversion]
  _DMA_RAM_TO_USART(Map_BUFFER_SIZE ,USART_Source_ADDR , aDST_Buffer); 
                                                         ^~~~~~~~~~~
../Libraries/PROLIB/inc/DMA_book.h(34): note: passing argument to parameter '_DMA_AIM_ADDR' here
void _DMA_RAM_TO_USART(uint32_t _BUFFER_SIZE , uint32_t  _DMA_Source_ADDR,  uint32_t  _DMA_AIM_ADDR );
                                                                                      ^
../User/main.c(98): warning: illegal character encoding in string literal [-Winvalid-source-encoding]
  printf("---> DMA<D4><CB><D0><D0><CD><EA><B1><CF> \n");
                  ^~~~~~~~~~~~~~~~~~~~~~~~~~~~~~~~
../User/main.c(101): warning: illegal character encoding in string literal [-Winvalid-source-encoding]
  printf("\n-->I2C_<BA><AF><CA><FD>д<C8>뿪ʼ \n");
                   ^~~~~~~~~~~~~~~~ ~~~~
../User/main.c(105): warning: illegal character encoding in string literal [-Winvalid-source-encoding]
  printf("--->I2C_<BA><AF><CA><FD>д<C8><EB><CD><EA><B1><CF>\n\r");
                  ^~~~~~~~~~~~~~~~ ~~~~~~~~~~~~~~~~~~~~~~~~
../User/main.c(109): warning: illegal character encoding in string literal [-Winvalid-source-encoding]
  printf("\n-->I2C_<C8><ED><BC><FE><BA><AF><CA><FD>д<C8>뿪ʼ \n");
                   ^~~~~~~~~~~~~~~~~~~~~~~~~~~~~~~~ ~~~~
../User/main.c(113): warning: illegal character encoding in string literal [-Winvalid-source-encoding]
  printf("\n--->I2C_<C8><ED><BC><FE><BA><AF><CA><FD>д<C8><EB><CD><EA><B1><CF>\n\r");
                    ^~~~~~~~~~~~~~~~~~~~~~~~~~~~~~~~ ~~~~~~~~~~~~~~~~~~~~~~~~
../User/main.c(118): warning: illegal character encoding in string literal [-Winvalid-source-encoding]
  printf("-->SPIͨ<D0><C5>ָ<B2><E2><CA>Կ<AA>ʼ \n");
                ^~~~~~~~~~~~~~~~~~~~ ~~~~
../User/main.c(120): warning: implicit conversion loses integer precision: 'uint32_t' (aka 'unsigned int') to 'uint16_t' (aka 'unsigned short') [-Wimplicit-int-conversion]
  FlashID = SPI_Read_ID() ;
          ~ ^~~~~~~~~~~~~
../User/main.c(126): warning: illegal character encoding in string literal [-Winvalid-source-encoding]
  printf("\n\n-->SPI<C7><E5><BF>տ<AA>ʼ \n");
                    ^~~~~~~~~~~~ ~~~~
../User/main.c(129): warning: illegal character encoding in string literal [-Winvalid-source-encoding]
  printf("\n\n-->SPI<C7><E5><BF><D5><CD><EA><B3><C9> \n");
                    ^~~~~~~~~~~~~~~~~~~~~~~~~~~~~~~~
../User/main.c(139): warning: illegal character encoding in string literal [-Winvalid-source-encoding]
  printf("\n\n-->SPI<CA><E4><C8><EB><CD><EA><B3><C9> \n");
                    ^~~~~~~~~~~~~~~~~~~~~~~~~~~~~~~~
../User/main.c(143): warning: illegal character encoding in string literal [-Winvalid-source-encoding]
  printf("-->SPIͨ<D0><C5>ָ<B2><E2><CA><D4><CD><EA><B1><CF> \n");
                ^~~~~~~~~~~~~~~~~~~~~~~~~~~~~~~~~~~~~~~~
../User/main.c(121): warning: result of comparison of constant 15679511 with expression of type 'uint16_t' (aka 'unsigned short') is always false [-Wtautological-constant-out-of-range-compare]
  if(FlashID == _SPI_FLASH_ID){
     ~~~~~~~ ^  ~~~~~~~~~~~~~
../User/main.c(146): warning: no previous prototype for function 'delay' [-Wmissing-prototypes]
void delay(int x){
     ^
../User/main.c(146): note: declare 'static' if the function is not intended to be used outside of this translation unit
void delay(int x){
^
static 
21 warnings generated.
compiling main.c...
../User/stm32f10x_it.c(25): warning: In file included from...
../User/stm32f10x_it.h(27): warning: In file included from...
../Libraries/SYSTEM\stm32f10x.h(478): warning: In file included from...
../Libraries/DRIVER/CMISIS\core_cm3.h(1720): warning: function 'NVIC_SystemReset' could be declared with attribute 'noreturn' [-Wmissing-noreturn]
{
^
../User/stm32f10x_it.c(61): warning: function 'HardFault_Handler' could be declared with attribute 'noreturn' [-Wmissing-noreturn]
{
^
../User/stm32f10x_it.c(74): warning: function 'MemManage_Handler' could be declared with attribute 'noreturn' [-Wmissing-noreturn]
{
^
../User/stm32f10x_it.c(87): warning: function 'BusFault_Handler' could be declared with attribute 'noreturn' [-Wmissing-noreturn]
{
^
../User/stm32f10x_it.c(100): warning: function 'UsageFault_Handler' could be declared with attribute 'noreturn' [-Wmissing-noreturn]
{
^
5 warnings generated.
compiling stm32f10x_it.c...
linking...
Program Size: Code=8868 RO-data=468 RW-data=28 ZI-data=9332  
FromELF: creating hex file...
".\Output\Temp.axf" - 0 Error(s), 163 Warning(s).

<h2>Software Packages used:</h2>

Package Vendor: Keil
                http://www.keil.com/pack/Keil.STM32F1xx_DFP.1.1.0.pack
                Keil.STM32F1xx_DFP.1.1.0
                STMicroelectronics STM32F1 Series Device Support, Drivers and Examples

<h2>Collection of Component include folders:</h2>
  .\RTE\_Target_1
  D:\Users\Stone\AppData\Local\Arm\Packs\Keil\STM32F1xx_DFP\1.1.0\Device\Include

<h2>Collection of Component Files used:</h2>
Build Time Elapsed:  00:00:06
</pre>
</body>
</html>
