Component: ARM Compiler 6.14 Tool: armlink [5db06800]

==============================================================================

Section Cross References

    startup_stm32f10x_hd.o(RESET) refers to startup_stm32f10x_hd.o(STACK) for __initial_sp
    startup_stm32f10x_hd.o(RESET) refers to startup_stm32f10x_hd.o(.text) for Reset_Handler
    startup_stm32f10x_hd.o(RESET) refers to stm32f10x_it.o(.text.NMI_Handler) for NMI_Handler
    startup_stm32f10x_hd.o(RESET) refers to stm32f10x_it.o(.text.HardFault_Handler) for HardFault_Handler
    startup_stm32f10x_hd.o(RESET) refers to stm32f10x_it.o(.text.MemManage_Handler) for MemManage_Handler
    startup_stm32f10x_hd.o(RESET) refers to stm32f10x_it.o(.text.BusFault_Handler) for BusFault_Handler
    startup_stm32f10x_hd.o(RESET) refers to stm32f10x_it.o(.text.UsageFault_Handler) for UsageFault_Handler
    startup_stm32f10x_hd.o(RESET) refers to stm32f10x_it.o(.text.SVC_Handler) for SVC_Handler
    startup_stm32f10x_hd.o(RESET) refers to stm32f10x_it.o(.text.DebugMon_Handler) for DebugMon_Handler
    startup_stm32f10x_hd.o(RESET) refers to stm32f10x_it.o(.text.PendSV_Handler) for PendSV_Handler
    startup_stm32f10x_hd.o(RESET) refers to systick_book.o(.text.SysTick_Handler) for SysTick_Handler
    startup_stm32f10x_hd.o(RESET) refers to exit_book.o(.text.EXTI0_IRQHandler) for EXTI0_IRQHandler
    startup_stm32f10x_hd.o(RESET) refers to usart_book.o(.text.USART1_IRQHandler) for USART1_IRQHandler
    startup_stm32f10x_hd.o(RESET) refers to exit_book.o(.text.EXTI15_10_IRQHandler) for EXTI15_10_IRQHandler
    startup_stm32f10x_hd.o(.text) refers to system_stm32f10x.o(.text.SystemInit) for SystemInit
    startup_stm32f10x_hd.o(.text) refers to entry.o(.ARM.Collect$$$$00000000) for __main
    system_stm32f10x.o(.ARM.exidx.text.SystemInit) refers to system_stm32f10x.o(.text.SystemInit) for [Anonymous Symbol]
    system_stm32f10x.o(.text.SystemCoreClockUpdate) refers to system_stm32f10x.o(.data.SystemCoreClock) for SystemCoreClock
    system_stm32f10x.o(.text.SystemCoreClockUpdate) refers to system_stm32f10x.o(.rodata.AHBPrescTable) for AHBPrescTable
    system_stm32f10x.o(.ARM.exidx.text.SystemCoreClockUpdate) refers to system_stm32f10x.o(.text.SystemCoreClockUpdate) for [Anonymous Symbol]
    misc.o(.ARM.exidx.text.NVIC_PriorityGroupConfig) refers to misc.o(.text.NVIC_PriorityGroupConfig) for [Anonymous Symbol]
    misc.o(.ARM.exidx.text.NVIC_Init) refers to misc.o(.text.NVIC_Init) for [Anonymous Symbol]
    misc.o(.ARM.exidx.text.NVIC_SetVectorTable) refers to misc.o(.text.NVIC_SetVectorTable) for [Anonymous Symbol]
    misc.o(.ARM.exidx.text.NVIC_SystemLPConfig) refers to misc.o(.text.NVIC_SystemLPConfig) for [Anonymous Symbol]
    misc.o(.ARM.exidx.text.SysTick_CLKSourceConfig) refers to misc.o(.text.SysTick_CLKSourceConfig) for [Anonymous Symbol]
    stm32f10x_adc.o(.text.ADC_DeInit) refers to stm32f10x_rcc.o(.text.RCC_APB2PeriphResetCmd) for RCC_APB2PeriphResetCmd
    stm32f10x_adc.o(.ARM.exidx.text.ADC_DeInit) refers to stm32f10x_adc.o(.text.ADC_DeInit) for [Anonymous Symbol]
    stm32f10x_adc.o(.ARM.exidx.text.ADC_Init) refers to stm32f10x_adc.o(.text.ADC_Init) for [Anonymous Symbol]
    stm32f10x_adc.o(.ARM.exidx.text.ADC_StructInit) refers to stm32f10x_adc.o(.text.ADC_StructInit) for [Anonymous Symbol]
    stm32f10x_adc.o(.ARM.exidx.text.ADC_Cmd) refers to stm32f10x_adc.o(.text.ADC_Cmd) for [Anonymous Symbol]
    stm32f10x_adc.o(.ARM.exidx.text.ADC_DMACmd) refers to stm32f10x_adc.o(.text.ADC_DMACmd) for [Anonymous Symbol]
    stm32f10x_adc.o(.ARM.exidx.text.ADC_ITConfig) refers to stm32f10x_adc.o(.text.ADC_ITConfig) for [Anonymous Symbol]
    stm32f10x_adc.o(.ARM.exidx.text.ADC_ResetCalibration) refers to stm32f10x_adc.o(.text.ADC_ResetCalibration) for [Anonymous Symbol]
    stm32f10x_adc.o(.ARM.exidx.text.ADC_GetResetCalibrationStatus) refers to stm32f10x_adc.o(.text.ADC_GetResetCalibrationStatus) for [Anonymous Symbol]
    stm32f10x_adc.o(.ARM.exidx.text.ADC_StartCalibration) refers to stm32f10x_adc.o(.text.ADC_StartCalibration) for [Anonymous Symbol]
    stm32f10x_adc.o(.ARM.exidx.text.ADC_GetCalibrationStatus) refers to stm32f10x_adc.o(.text.ADC_GetCalibrationStatus) for [Anonymous Symbol]
    stm32f10x_adc.o(.ARM.exidx.text.ADC_SoftwareStartConvCmd) refers to stm32f10x_adc.o(.text.ADC_SoftwareStartConvCmd) for [Anonymous Symbol]
    stm32f10x_adc.o(.ARM.exidx.text.ADC_GetSoftwareStartConvStatus) refers to stm32f10x_adc.o(.text.ADC_GetSoftwareStartConvStatus) for [Anonymous Symbol]
    stm32f10x_adc.o(.ARM.exidx.text.ADC_DiscModeChannelCountConfig) refers to stm32f10x_adc.o(.text.ADC_DiscModeChannelCountConfig) for [Anonymous Symbol]
    stm32f10x_adc.o(.ARM.exidx.text.ADC_DiscModeCmd) refers to stm32f10x_adc.o(.text.ADC_DiscModeCmd) for [Anonymous Symbol]
    stm32f10x_adc.o(.ARM.exidx.text.ADC_RegularChannelConfig) refers to stm32f10x_adc.o(.text.ADC_RegularChannelConfig) for [Anonymous Symbol]
[...]
    Removing main.o(.ARM.exidx.text.fn_I2C_EE_Soft_Init), (8 bytes).
    Removing main.o(.ARM.exidx.text.fn_SPI_FLASH_Soft_Init), (8 bytes).
    Removing main.o(.text.delay), (32 bytes).
    Removing main.o(.ARM.exidx.text.delay), (8 bytes).
    Removing main.o(.ARM.use_no_argv), (4 bytes).
    Removing stm32f10x_it.o(.text), (0 bytes).
    Removing stm32f10x_it.o(.ARM.exidx.text.NMI_Handler), (8 bytes).
    Removing stm32f10x_it.o(.ARM.exidx.text.HardFault_Handler), (8 bytes).
    Removing stm32f10x_it.o(.ARM.exidx.text.MemManage_Handler), (8 bytes).
    Removing stm32f10x_it.o(.ARM.exidx.text.BusFault_Handler), (8 bytes).
    Removing stm32f10x_it.o(.ARM.exidx.text.UsageFault_Handler), (8 bytes).
    Removing stm32f10x_it.o(.ARM.exidx.text.SVC_Handler), (8 bytes).
    Removing stm32f10x_it.o(.ARM.exidx.text.DebugMon_Handler), (8 bytes).
    Removing stm32f10x_it.o(.ARM.exidx.text.PendSV_Handler), (8 bytes).
    Removing dadd.o(.text), (334 bytes).
    Removing dmul.o(.text), (228 bytes).
    Removing ddiv.o(.text), (222 bytes).
    Removing dfixul.o(.text), (48 bytes).
    Removing cdrcmple.o(.text), (48 bytes).
    Removing depilogue.o(.text), (186 bytes).

1020 unused section(s) (total 19164 bytes) removed from the image.

==============================================================================

Image Symbol Table

    Local Symbols

    Symbol Name                              Value     Ov Type        Size  Object(Section)

    ../Libraries/DRIVER/DEVICE/startup/startup_stm32f10x_hd.s 0x00000000   Number         0  startup_stm32f10x_hd.o ABSOLUTE
    ../clib/microlib/division.c              0x00000000   Number         0  uidiv.o ABSOLUTE
    ../clib/microlib/division.c              0x00000000   Number         0  uldiv.o ABSOLUTE
    ../clib/microlib/init/entry.s            0x00000000   Number         0  entry.o ABSOLUTE
    ../clib/microlib/init/entry.s            0x00000000   Number         0  entry2.o ABSOLUTE
    ../clib/microlib/init/entry.s            0x00000000   Number         0  entry5.o ABSOLUTE
    ../clib/microlib/init/entry.s            0x00000000   Number         0  entry7a.o ABSOLUTE
    ../clib/microlib/init/entry.s            0x00000000   Number         0  entry7b.o ABSOLUTE
    ../clib/microlib/init/entry.s            0x00000000   Number         0  entry8a.o ABSOLUTE
    ../clib/microlib/init/entry.s            0x00000000   Number         0  entry8b.o ABSOLUTE
    ../clib/microlib/init/entry.s            0x00000000   Number         0  entry9a.o ABSOLUTE
    ../clib/microlib/init/entry.s            0x00000000   Number         0  entry9b.o ABSOLUTE
    ../clib/microlib/init/entry.s            0x00000000   Number         0  entry10a.o ABSOLUTE
    ../clib/microlib/init/entry.s            0x00000000   Number         0  entry10b.o ABSOLUTE
    ../clib/microlib/init/entry.s            0x00000000   Number         0  entry11a.o ABSOLUTE
    ../clib/microlib/init/entry.s            0x00000000   Number         0  entry11b.o ABSOLUTE
    ../clib/microlib/longlong.c              0x00000000   Number         0  llshl.o ABSOLUTE
    ../clib/microlib/longlong.c              0x00000000   Number         0  llushr.o ABSOLUTE
    ../clib/microlib/longlong.c              0x00000000   Number         0  llsshr.o ABSOLUTE
    ../clib/microlib/printf/printf.c         0x00000000   Number         0  printfb.o ABSOLUTE
    ../clib/microlib/printf/printf.c         0x00000000   Number         0  printf0.o ABSOLUTE
    ../clib/microlib/printf/printf.c         0x00000000   Number         0  printf1.o ABSOLUTE
    ../clib/microlib/printf/printf.c         0x00000000   Number         0  printf2.o ABSOLUTE
    ../clib/microlib/printf/printf.c         0x00000000   Number         0  printf3.o ABSOLUTE
    ../clib/microlib/printf/printf.c         0x00000000   Number         0  printf4.o ABSOLUTE
    ../clib/microlib/printf/printf.c         0x00000000   Number         0  printf5.o ABSOLUTE
    ../clib/microlib/printf/printf.c         0x00000000   Number         0  printf6.o ABSOLUTE
    ../clib/microlib/printf/printf.c         0x00000000   Number         0  printf7.o ABSOLUTE
    ../clib/microlib/printf/printf.c         0x00000000   Number         0  printf8.o ABSOLUTE
    ../clib/microlib/printf/printf.c         0x00000000   Number         0  printfa.o ABSOLUTE
    ../clib/microlib/printf/stubs.s          0x00000000   Number         0  printfstubs.o ABSOLUTE
    ../clib/microlib/stdio/puts.c            0x00000000   Number         0  puts.o ABSOLUTE
    ../clib/microlib/stdio/puts.c            0x00000000   Number         0  puts_e.o ABSOLUTE
    ../clib/microlib/stdio/streams.c         0x00000000   Number         0  stdout.o ABSOLUTE
    ../clib/microlib/string/memset.c         0x00000000   Number         0  memseta.o ABSOLUTE
    ../clib/microlib/stubs.s                 0x00000000   Number         0  iusefp.o ABSOLUTE
    ../fplib/microlib/fpadd.c                0x00000000   Number         0  dadd.o ABSOLUTE
    ../fplib/microlib/fpdiv.c                0x00000000   Number         0  ddiv.o ABSOLUTE
    ../fplib/microlib/fpepilogue.c           0x00000000   Number         0  depilogue.o ABSOLUTE
    ../fplib/microlib/fpfix.c                0x00000000   Number         0  dfixul.o ABSOLUTE
    ../fplib/microlib/fpmul.c                0x00000000   Number         0  dmul.o ABSOLUTE
    DMA_book.c                               0x00000000   Number         0  dma_book.o ABSOLUTE
    Exit_book.c                              0x00000000   Number         0  exit_book.o ABSOLUTE
    I2C_book.c                               0x00000000   Number         0  i2c_book.o ABSOLUTE
    I2C_soft_book.c                          0x00000000   Number         0  i2c_soft_book.o ABSOLUTE
    Key_book.c                               0x00000000   Number         0  key_book.o ABSOLUTE
    Led_book.c                               0x00000000   Number         0  led_book.o ABSOLUTE
    RCC_book.c                               0x00000000   Number         0  rcc_book.o ABSOLUTE
    SPI_book.c                               0x00000000   Number         0  spi_book.o ABSOLUTE
    Systick_book.c                           0x00000000   Number         0  systick_book.o ABSOLUTE
    USART_book.c                             0x00000000   Number         0  usart_book.o ABSOLUTE
    cdrcmple.s                               0x00000000   Number         0  cdrcmple.o ABSOLUTE
    dc.s                                     0x00000000   Number         0  dc.o ABSOLUTE
    handlers.s                               0x00000000   Number         0  handlers.o ABSOLUTE
    init.s                                   0x00000000   Number         0  init.o ABSOLUTE
    main.c                                   0x00000000   Number         0  main.o ABSOLUTE
    misc.c                                   0x00000000   Number         0  misc.o ABSOLUTE
    stm32f10x_adc.c                          0x00000000   Number         0  stm32f10x_adc.o ABSOLUTE
    stm32f10x_bkp.c                          0x00000000   Number         0  stm32f10x_bkp.o ABSOLUTE
    stm32f10x_can.c                          0x00000000   Number         0  stm32f10x_can.o ABSOLUTE
    stm32f10x_cec.c                          0x00000000   Number         0  stm32f10x_cec.o ABSOLUTE
    stm32f10x_crc.c                          0x00000000   Number         0  stm32f10x_crc.o ABSOLUTE
    stm32f10x_dac.c                          0x00000000   Number         0  stm32f10x_dac.o ABSOLUTE
    stm32f10x_dbgmcu.c                       0x00000000   Number         0  stm32f10x_dbgmcu.o ABSOLUTE
    stm32f10x_dma.c                          0x00000000   Number         0  stm32f10x_dma.o ABSOLUTE
    stm32f10x_exti.c                         0x00000000   Number         0  stm32f10x_exti.o ABSOLUTE
    stm32f10x_flash.c                        0x00000000   Number         0  stm32f10x_flash.o ABSOLUTE
    stm32f10x_fsmc.c                         0x00000000   Number         0  stm32f10x_fsmc.o ABSOLUTE
    stm32f10x_gpio.c                         0x00000000   Number         0  stm32f10x_gpio.o ABSOLUTE
    stm32f10x_i2c.c                          0x00000000   Number         0  stm32f10x_i2c.o ABSOLUTE
    stm32f10x_it.c                           0x00000000   Number         0  stm32f10x_it.o ABSOLUTE
    stm32f10x_iwdg.c                         0x00000000   Number         0  stm32f10x_iwdg.o ABSOLUTE
    stm32f10x_pwr.c                          0x00000000   Number         0  stm32f10x_pwr.o ABSOLUTE
    stm32f10x_rcc.c                          0x00000000   Number         0  stm32f10x_rcc.o ABSOLUTE
    stm32f10x_rtc.c                          0x00000000   Number         0  stm32f10x_rtc.o ABSOLUTE
    stm32f10x_sdio.c                         0x00000000   Number         0  stm32f10x_sdio.o ABSOLUTE
    stm32f10x_spi.c                          0x00000000   Number         0  stm32f10x_spi.o ABSOLUTE
    stm32f10x_tim.c                          0x00000000   Number         0  stm32f10x_tim.o ABSOLUTE
    stm32f10x_usart.c                        0x00000000   Number         0  stm32f10x_usart.o ABSOLUTE
    stm32f10x_wwdg.c                         0x00000000   Number         0  stm32f10x_wwdg.o ABSOLUTE
    system_stm32f10x.c                       0x00000000   Number         0  system_stm32f10x.o ABSOLUTE
    RESET                                    0x08000000   Section      304  startup_stm32f10x_hd.o(RESET)
    .ARM.Collect$$$$00000000                 0x08000130   Section        0  entry.o(.ARM.Collect$$$$00000000)
    .ARM.Collect$$$$00000001                 0x08000130   Section        4  entry2.o(.ARM.Collect$$$$00000001)
    .ARM.Collect$$$$00000004                 0x08000134   Section        4  entry5.o(.ARM.Collect$$$$00000004)
    .ARM.Collect$$$$00000008                 0x08000138   Section        0  entry7b.o(.ARM.Collect$$$$00000008)
    .ARM.Collect$$$$0000000A                 0x08000138   Section        0  entry8b.o(.ARM.Collect$$$$0000000A)
    .ARM.Collect$$$$0000000B                 0x08000138   Section        8  entry9a.o(.ARM.Collect$$$$0000000B)
    __lit__00000000                          0x08000140   Data           4  entry2.o(.ARM.Collect$$$$00002712)
    .ARM.Collect$$$$0000000D                 0x08000140   Section        0  entry10a.o(.ARM.Collect$$$$0000000D)
    .ARM.Collect$$$$0000000F                 0x08000140   Section        0  entry11a.o(.ARM.Collect$$$$0000000F)
    .ARM.Collect$$$$00002712                 0x08000140   Section        4  entry2.o(.ARM.Collect$$$$00002712)
    .text                                    0x08000144   Section       36  startup_stm32f10x_hd.o(.text)
    .text                                    0x08000168   Section        0  uldiv.o(.text)
    .text                                    0x080001cc   Section       36  init.o(.text)
    .text                                    0x080001f0   Section        0  llshl.o(.text)
    .text                                    0x0800020e   Section        0  llushr.o(.text)
    [Anonymous Symbol]                       0x0800022e   Section        0  stm32f10x_it.o(.text.BusFault_Handler)
    [Anonymous Symbol]                       0x08000230   Section        0  stm32f10x_dma.o(.text.DMA_Cmd)
    [Anonymous Symbol]                       0x08000248   Section        0  stm32f10x_dma.o(.text.DMA_GetFlagStatus)
    __arm_cp.7_0                             0x0800025c   Number         4  stm32f10x_dma.o(.text.DMA_GetFlagStatus)
    [Anonymous Symbol]                       0x08000260   Section        0  stm32f10x_dma.o(.text.DMA_Init)
    [Anonymous Symbol]                       0x080002a6   Section        0  stm32f10x_it.o(.text.DebugMon_Handler)
    EE_Soft_Check_State                      0x080002a9   Thumb Code    80  i2c_soft_book.o(.text.EE_Soft_Check_State)
    [Anonymous Symbol]                       0x080002a8   Section        0  i2c_soft_book.o(.text.EE_Soft_Check_State)
    __arm_cp.3_0                             0x080002f0   Number         4  i2c_soft_book.o(.text.EE_Soft_Check_State)
    __arm_cp.3_2                             0x080002f4   Number         4  i2c_soft_book.o(.text.EE_Soft_Check_State)
    EE_Soft_WriteBytes                       0x080002f9   Thumb Code   180  i2c_soft_book.o(.text.EE_Soft_WriteBytes)
    [Anonymous Symbol]                       0x080002f8   Section        0  i2c_soft_book.o(.text.EE_Soft_WriteBytes)
    [Anonymous Symbol]                       0x080003ac   Section        0  exit_book.o(.text.EXTI0_IRQHandler)
    __arm_cp.2_0                             0x080003dc   Number         4  exit_book.o(.text.EXTI0_IRQHandler)
    [Anonymous Symbol]                       0x080003e0   Section        0  exit_book.o(.text.EXTI15_10_IRQHandler)
    __arm_cp.3_0                             0x08000414   Number         4  exit_book.o(.text.EXTI15_10_IRQHandler)
    [Anonymous Symbol]                       0x08000418   Section        0  stm32f10x_exti.o(.text.EXTI_ClearITPendingBit)
    __arm_cp.7_0                             0x08000420   Number         4  stm32f10x_exti.o(.text.EXTI_ClearITPendingBit)
    [Anonymous Symbol]                       0x08000424   Section        0  stm32f10x_exti.o(.text.EXTI_GetITStatus)
    [Anonymous Symbol]                       0x0800043c   Section        0  stm32f10x_exti.o(.text.EXTI_Init)
    __arm_cp.1_0                             0x08000498   Number         4  stm32f10x_exti.o(.text.EXTI_Init)
    [Anonymous Symbol]                       0x0800049c   Section        0  stm32f10x_flash.o(.text.FLASH_PrefetchBufferCmd)
    [Anonymous Symbol]                       0x080004b0   Section        0  stm32f10x_flash.o(.text.FLASH_SetLatency)
    __arm_cp.0_0                             0x080004c0   Number         4  stm32f10x_flash.o(.text.FLASH_SetLatency)
    [Anonymous Symbol]                       0x080004c4   Section        0  stm32f10x_gpio.o(.text.GPIO_EXTILineConfig)
    __arm_cp.16_0                            0x080004e8   Number         4  stm32f10x_gpio.o(.text.GPIO_EXTILineConfig)
    [Anonymous Symbol]                       0x080004ec   Section        0  stm32f10x_gpio.o(.text.GPIO_Init)
    [Anonymous Symbol]                       0x080005a0   Section        0  stm32f10x_gpio.o(.text.GPIO_ReadInputDataBit)
    [Anonymous Symbol]                       0x080005aa   Section        0  stm32f10x_gpio.o(.text.GPIO_ReadOutputDataBit)
    [Anonymous Symbol]                       0x080005b4   Section        0  stm32f10x_gpio.o(.text.GPIO_ResetBits)
    [Anonymous Symbol]                       0x080005b8   Section        0  stm32f10x_gpio.o(.text.GPIO_SetBits)
    [Anonymous Symbol]                       0x080005bc   Section        0  stm32f10x_it.o(.text.HardFault_Handler)
    [Anonymous Symbol]                       0x080005be   Section        0  stm32f10x_i2c.o(.text.I2C_AcknowledgeConfig)
    [Anonymous Symbol]                       0x080005d0   Section        0  stm32f10x_i2c.o(.text.I2C_CheckEvent)
    [Anonymous Symbol]                       0x080005e6   Section        0  stm32f10x_i2c.o(.text.I2C_ClearFlag)
    [Anonymous Symbol]                       0x080005ec   Section        0  stm32f10x_i2c.o(.text.I2C_Cmd)
    I2C_EE_WaitEepromStandbyState            0x08000601   Thumb Code    76  i2c_book.o(.text.I2C_EE_WaitEepromStandbyState)
    [Anonymous Symbol]                       0x08000600   Section        0  i2c_book.o(.text.I2C_EE_WaitEepromStandbyState)
    __arm_cp.2_1                             0x08000648   Number         4  i2c_book.o(.text.I2C_EE_WaitEepromStandbyState)
    [Anonymous Symbol]                       0x0800064c   Section        0  stm32f10x_i2c.o(.text.I2C_GenerateSTART)
    [Anonymous Symbol]                       0x0800065e   Section        0  stm32f10x_i2c.o(.text.I2C_GenerateSTOP)
    [Anonymous Symbol]                       0x08000670   Section        0  stm32f10x_i2c.o(.text.I2C_GetFlagStatus)
    [Anonymous Symbol]                       0x080006a4   Section        0  stm32f10x_i2c.o(.text.I2C_Init)
    __arm_cp.1_0                             0x08000754   Number         4  stm32f10x_i2c.o(.text.I2C_Init)
    __arm_cp.1_1                             0x08000758   Number         4  stm32f10x_i2c.o(.text.I2C_Init)
    __arm_cp.1_2                             0x0800075c   Number         4  stm32f10x_i2c.o(.text.I2C_Init)
    [Anonymous Symbol]                       0x08000760   Section        0  stm32f10x_i2c.o(.text.I2C_ReadRegister)
    [Anonymous Symbol]                       0x08000778   Section        0  i2c_book.o(.text.I2C_Read_fun)
    __arm_cp.3_1                             0x08000930   Number         4  i2c_book.o(.text.I2C_Read_fun)
    __arm_cp.3_2                             0x08000934   Number         4  i2c_book.o(.text.I2C_Read_fun)
    __arm_cp.3_3                             0x08000938   Number         4  i2c_book.o(.text.I2C_Read_fun)
    __arm_cp.3_4                             0x0800093c   Number         4  i2c_book.o(.text.I2C_Read_fun)
    __arm_cp.3_6                             0x08000954   Number         4  i2c_book.o(.text.I2C_Read_fun)
    __arm_cp.3_7                             0x08000958   Number         4  i2c_book.o(.text.I2C_Read_fun)
    [Anonymous Symbol]                       0x08000974   Section        0  stm32f10x_i2c.o(.text.I2C_ReceiveData)
    [Anonymous Symbol]                       0x0800097a   Section        0  stm32f10x_i2c.o(.text.I2C_Send7bitAddress)
    I2C_SendByte                             0x0800098d   Thumb Code    84  i2c_soft_book.o(.text.I2C_SendByte)
    [Anonymous Symbol]                       0x0800098c   Section        0  i2c_soft_book.o(.text.I2C_SendByte)
    [Anonymous Symbol]                       0x080009e0   Section        0  stm32f10x_i2c.o(.text.I2C_SendData)
    [Anonymous Symbol]                       0x080009e4   Section        0  i2c_soft_book.o(.text.I2C_Soft_Init)
    [Anonymous Symbol]                       0x080009f8   Section        0  i2c_soft_book.o(.text.I2C_Soft_Read_fun)
    __arm_cp.5_4                             0x08000b68   Number         4  i2c_soft_book.o(.text.I2C_Soft_Read_fun)
    __arm_cp.5_5                             0x08000b6c   Number         4  i2c_soft_book.o(.text.I2C_Soft_Read_fun)
    [Anonymous Symbol]                       0x08000b9c   Section        0  i2c_soft_book.o(.text.I2C_Soft_Write_fun)
    __arm_cp.4_0                             0x08000c08   Number         4  i2c_soft_book.o(.text.I2C_Soft_Write_fun)
    __arm_cp.4_4                             0x08000c44   Number         4  i2c_soft_book.o(.text.I2C_Soft_Write_fun)
    __arm_cp.4_5                             0x08000c48   Number         4  i2c_soft_book.o(.text.I2C_Soft_Write_fun)
    I2C_Start                                0x08000c4d   Thumb Code    44  i2c_soft_book.o(.text.I2C_Start)
    [Anonymous Symbol]                       0x08000c4c   Section        0  i2c_soft_book.o(.text.I2C_Start)
    I2C_Stop                                 0x08000c79   Thumb Code    28  i2c_soft_book.o(.text.I2C_Stop)
    [Anonymous Symbol]                       0x08000c78   Section        0  i2c_soft_book.o(.text.I2C_Stop)
    __arm_cp.6_0                             0x08000c90   Number         4  i2c_soft_book.o(.text.I2C_Stop)
    I2C_TIMEOUT_UserCallback                 0x08000c95   Thumb Code    60  i2c_book.o(.text.I2C_TIMEOUT_UserCallback)
    [Anonymous Symbol]                       0x08000c94   Section        0  i2c_book.o(.text.I2C_TIMEOUT_UserCallback)
    __arm_cp.4_0                             0x08000cac   Number         4  i2c_book.o(.text.I2C_TIMEOUT_UserCallback)
    I2C_WaitAck                              0x08000cd1   Thumb Code    52  i2c_soft_book.o(.text.I2C_WaitAck)
    [Anonymous Symbol]                       0x08000cd0   Section        0  i2c_soft_book.o(.text.I2C_WaitAck)
    __arm_cp.9_0                             0x08000cfc   Number         4  i2c_soft_book.o(.text.I2C_WaitAck)
    __arm_cp.9_1                             0x08000d00   Number         4  i2c_soft_book.o(.text.I2C_WaitAck)
    [Anonymous Symbol]                       0x08000d04   Section        0  i2c_book.o(.text.I2C_Write_fun)
    __arm_cp.1_1                             0x08000e74   Number         4  i2c_book.o(.text.I2C_Write_fun)
    __arm_cp.1_2                             0x08000e78   Number         4  i2c_book.o(.text.I2C_Write_fun)
    __arm_cp.1_3                             0x08000e7c   Number         4  i2c_book.o(.text.I2C_Write_fun)
    __arm_cp.1_4                             0x08000e80   Number         4  i2c_book.o(.text.I2C_Write_fun)
    __arm_cp.1_6                             0x08000e98   Number         4  i2c_book.o(.text.I2C_Write_fun)
    __arm_cp.1_7                             0x08000e9c   Number         4  i2c_book.o(.text.I2C_Write_fun)
    [Anonymous Symbol]                       0x08000ea0   Section        0  stm32f10x_it.o(.text.MemManage_Handler)
    [Anonymous Symbol]                       0x08000ea2   Section        0  stm32f10x_it.o(.text.NMI_Handler)
    [Anonymous Symbol]                       0x08000ea4   Section        0  misc.o(.text.NVIC_Init)
    __arm_cp.1_0                             0x08000ef0   Number         4  misc.o(.text.NVIC_Init)
    [Anonymous Symbol]                       0x08000ef4   Section        0  misc.o(.text.NVIC_PriorityGroupConfig)
    __arm_cp.0_0                             0x08000f00   Number         4  misc.o(.text.NVIC_PriorityGroupConfig)
    __arm_cp.0_1                             0x08000f04   Number         4  misc.o(.text.NVIC_PriorityGroupConfig)
    [Anonymous Symbol]                       0x08000f08   Section        0  stm32f10x_it.o(.text.PendSV_Handler)
    [Anonymous Symbol]                       0x08000f0c   Section        0  stm32f10x_rcc.o(.text.RCC_AHBPeriphClockCmd)
    __arm_cp.21_0                            0x08000f20   Number         4  stm32f10x_rcc.o(.text.RCC_AHBPeriphClockCmd)
    [Anonymous Symbol]                       0x08000f24   Section        0  stm32f10x_rcc.o(.text.RCC_APB1PeriphClockCmd)
    __arm_cp.23_0                            0x08000f38   Number         4  stm32f10x_rcc.o(.text.RCC_APB1PeriphClockCmd)
    [Anonymous Symbol]                       0x08000f3c   Section        0  stm32f10x_rcc.o(.text.RCC_APB2PeriphClockCmd)
    __arm_cp.22_0                            0x08000f50   Number         4  stm32f10x_rcc.o(.text.RCC_APB2PeriphClockCmd)
    [Anonymous Symbol]                       0x08000f54   Section        0  stm32f10x_rcc.o(.text.RCC_DeInit)
    __arm_cp.0_1                             0x08000f88   Number         4  stm32f10x_rcc.o(.text.RCC_DeInit)
    __arm_cp.0_2                             0x08000f8c   Number         4  stm32f10x_rcc.o(.text.RCC_DeInit)
    [Anonymous Symbol]                       0x08000f90   Section        0  stm32f10x_rcc.o(.text.RCC_GetClocksFreq)
    __arm_cp.20_1                            0x08000ff4   Number         4  stm32f10x_rcc.o(.text.RCC_GetClocksFreq)
    __arm_cp.20_2                            0x08000ff8   Number         4  stm32f10x_rcc.o(.text.RCC_GetClocksFreq)
    __arm_cp.20_3                            0x08000ffc   Number         4  stm32f10x_rcc.o(.text.RCC_GetClocksFreq)
    __arm_cp.20_4                            0x08001000   Number         4  stm32f10x_rcc.o(.text.RCC_GetClocksFreq)
    [Anonymous Symbol]                       0x08001004   Section        0  stm32f10x_rcc.o(.text.RCC_GetFlagStatus)
    [Anonymous Symbol]                       0x08001028   Section        0  stm32f10x_rcc.o(.text.RCC_GetSYSCLKSource)
    [Anonymous Symbol]                       0x08001034   Section        0  stm32f10x_rcc.o(.text.RCC_HCLKConfig)
    [Anonymous Symbol]                       0x08001044   Section        0  stm32f10x_rcc.o(.text.RCC_HSEConfig)
    [Anonymous Symbol]                       0x08001070   Section        0  stm32f10x_rcc.o(.text.RCC_PCLK1Config)
    [Anonymous Symbol]                       0x08001080   Section        0  stm32f10x_rcc.o(.text.RCC_PCLK2Config)
    [Anonymous Symbol]                       0x08001090   Section        0  stm32f10x_rcc.o(.text.RCC_PLLCmd)
    __arm_cp.7_0                             0x08001098   Number         4  stm32f10x_rcc.o(.text.RCC_PLLCmd)
    [Anonymous Symbol]                       0x0800109c   Section        0  stm32f10x_rcc.o(.text.RCC_PLLConfig)
    [Anonymous Symbol]                       0x080010ac   Section        0  stm32f10x_rcc.o(.text.RCC_SYSCLKConfig)
    __arm_cp.8_0                             0x080010bc   Number         4  stm32f10x_rcc.o(.text.RCC_SYSCLKConfig)
    [Anonymous Symbol]                       0x080010c0   Section        0  stm32f10x_rcc.o(.text.RCC_WaitForHSEStartUp)
    __arm_cp.2_0                             0x080010e8   Number         4  stm32f10x_rcc.o(.text.RCC_WaitForHSEStartUp)
    [Anonymous Symbol]                       0x080010ec   Section        0  spi_book.o(.text.SPI_BufferWrite_Data)
    [Anonymous Symbol]                       0x08001170   Section        0  stm32f10x_spi.o(.text.SPI_Cmd)
    [Anonymous Symbol]                       0x08001184   Section        0  spi_book.o(.text.SPI_Erase_Sector)
    [Anonymous Symbol]                       0x080011b4   Section        0  spi_book.o(.text.SPI_FLASH_Init)
    __arm_cp.0_0                             0x08001234   Number         4  spi_book.o(.text.SPI_FLASH_Init)
    __arm_cp.0_1                             0x08001238   Number         4  spi_book.o(.text.SPI_FLASH_Init)
    __arm_cp.0_2                             0x0800123c   Number         4  spi_book.o(.text.SPI_FLASH_Init)
    __arm_cp.0_3                             0x08001240   Number         4  spi_book.o(.text.SPI_FLASH_Init)
    __arm_cp.0_4                             0x08001244   Number         4  spi_book.o(.text.SPI_FLASH_Init)
    __arm_cp.0_5                             0x08001248   Number         4  spi_book.o(.text.SPI_FLASH_Init)
    SPI_FLASH_Send_Byte                      0x0800124d   Thumb Code   108  spi_book.o(.text.SPI_FLASH_Send_Byte)
    [Anonymous Symbol]                       0x0800124c   Section        0  spi_book.o(.text.SPI_FLASH_Send_Byte)
    __arm_cp.2_0                             0x080012b0   Number         4  spi_book.o(.text.SPI_FLASH_Send_Byte)
    __arm_cp.2_1                             0x080012b4   Number         4  spi_book.o(.text.SPI_FLASH_Send_Byte)
    [Anonymous Symbol]                       0x080012b8   Section        0  stm32f10x_spi.o(.text.SPI_I2S_GetFlagStatus)
    [Anonymous Symbol]                       0x080012c2   Section        0  stm32f10x_spi.o(.text.SPI_I2S_ReceiveData)
    [Anonymous Symbol]                       0x080012c6   Section        0  stm32f10x_spi.o(.text.SPI_I2S_SendData)
    [Anonymous Symbol]                       0x080012ca   Section        0  stm32f10x_spi.o(.text.SPI_Init)
    [Anonymous Symbol]                       0x08001300   Section        0  spi_book.o(.text.SPI_Read_Data)
    [Anonymous Symbol]                       0x08001344   Section        0  spi_book.o(.text.SPI_Read_ID)
    [Anonymous Symbol]                       0x08001378   Section        0  spi_book.o(.text.SPI_Show_Data)
    SPI_TIMEOUT_UserCallback                 0x080013b5   Thumb Code    56  spi_book.o(.text.SPI_TIMEOUT_UserCallback)
    [Anonymous Symbol]                       0x080013b4   Section        0  spi_book.o(.text.SPI_TIMEOUT_UserCallback)
    SPI_WaitForWriteEnd                      0x080013ed   Thumb Code    32  spi_book.o(.text.SPI_WaitForWriteEnd)
    [Anonymous Symbol]                       0x080013ec   Section        0  spi_book.o(.text.SPI_WaitForWriteEnd)
    [Anonymous Symbol]                       0x0800140c   Section        0  spi_book.o(.text.SPI_Write_Data)
    __arm_cp.8_0                             0x08001468   Number         4  spi_book.o(.text.SPI_Write_Data)
    __arm_cp.8_1                             0x0800146c   Number         4  spi_book.o(.text.SPI_Write_Data)
    SPI_Write_Enable                         0x08001491   Thumb Code    24  spi_book.o(.text.SPI_Write_Enable)
    [Anonymous Symbol]                       0x08001490   Section        0  spi_book.o(.text.SPI_Write_Enable)
    __arm_cp.4_0                             0x080014a4   Number         4  spi_book.o(.text.SPI_Write_Enable)
    [Anonymous Symbol]                       0x080014a8   Section        0  stm32f10x_it.o(.text.SVC_Handler)
    [Anonymous Symbol]                       0x080014aa   Section        0  systick_book.o(.text.SysTick_Handler)
    [Anonymous Symbol]                       0x080014b0   Section        0  system_stm32f10x.o(.text.SystemInit)
    __arm_cp.0_0                             0x0800158c   Number         4  system_stm32f10x.o(.text.SystemInit)
    __arm_cp.0_1                             0x08001590   Number         4  system_stm32f10x.o(.text.SystemInit)
    __arm_cp.0_2                             0x08001594   Number         4  system_stm32f10x.o(.text.SystemInit)
    __arm_cp.0_3                             0x08001598   Number         4  system_stm32f10x.o(.text.SystemInit)
    __arm_cp.0_4                             0x0800159c   Number         4  system_stm32f10x.o(.text.SystemInit)
    [Anonymous Symbol]                       0x080015a0   Section        0  usart_book.o(.text.USART1_IRQHandler)
    [Anonymous Symbol]                       0x080015c4   Section        0  stm32f10x_usart.o(.text.USART_Cmd)
    [Anonymous Symbol]                       0x080015d6   Section        0  stm32f10x_usart.o(.text.USART_DMACmd)
    [Anonymous Symbol]                       0x080015e6   Section        0  stm32f10x_usart.o(.text.USART_GetFlagStatus)
    [Anonymous Symbol]                       0x080015f0   Section        0  stm32f10x_usart.o(.text.USART_GetITStatus)
    [Anonymous Symbol]                       0x08001628   Section        0  stm32f10x_usart.o(.text.USART_ITConfig)
    [Anonymous Symbol]                       0x08001654   Section        0  stm32f10x_usart.o(.text.USART_Init)
    [Anonymous Symbol]                       0x080016f4   Section        0  stm32f10x_usart.o(.text.USART_ReceiveData)
    [Anonymous Symbol]                       0x080016fc   Section        0  stm32f10x_usart.o(.text.USART_SendData)
    [Anonymous Symbol]                       0x08001704   Section        0  stm32f10x_it.o(.text.UsageFault_Handler)
    [Anonymous Symbol]                       0x08001706   Section        0  usart_book.o(.text.Usart_SendHalf_32_Word)
    [Anonymous Symbol]                       0x08001730   Section        0  dma_book.o(.text._Buffer_Show)
    [Anonymous Symbol]                       0x0800174c   Section        0  dma_book.o(.text._Buffercmp)
    [Anonymous Symbol]                       0x0800176a   Section        0  dma_book.o(.text._DMA_Config)
    [Anonymous Symbol]                       0x080017c0   Section        0  dma_book.o(.text._DMA_RAM_TO_USART)
    __arm_cp.5_1                             0x08001830   Number         4  dma_book.o(.text._DMA_RAM_TO_USART)
    __arm_cp.5_2                             0x08001834   Number         4  dma_book.o(.text._DMA_RAM_TO_USART)
    __arm_cp.5_3                             0x08001838   Number         4  dma_book.o(.text._DMA_RAM_TO_USART)
    [Anonymous Symbol]                       0x08001860   Section        0  dma_book.o(.text._DMA_ROM_TO_RAM)
    __arm_cp.4_1                             0x080018d4   Number         4  dma_book.o(.text._DMA_ROM_TO_RAM)
    __arm_cp.4_2                             0x080018d8   Number         4  dma_book.o(.text._DMA_ROM_TO_RAM)
    __arm_cp.4_3                             0x080018dc   Number         4  dma_book.o(.text._DMA_ROM_TO_RAM)
    [Anonymous Symbol]                       0x08001910   Section        0  i2c_book.o(.text._I2C_EE_Init)
    __arm_cp.0_0                             0x0800196c   Number         4  i2c_book.o(.text._I2C_EE_Init)
    __arm_cp.0_1                             0x08001970   Number         4  i2c_book.o(.text._I2C_EE_Init)
    __arm_cp.0_2                             0x08001974   Number         4  i2c_book.o(.text._I2C_EE_Init)
    __arm_cp.0_3                             0x08001978   Number         4  i2c_book.o(.text._I2C_EE_Init)
    __arm_cp.0_4                             0x0800197c   Number         4  i2c_book.o(.text._I2C_EE_Init)
    __arm_cp.0_5                             0x08001980   Number         4  i2c_book.o(.text._I2C_EE_Init)
    [Anonymous Symbol]                       0x08001984   Section        0  dma_book.o(.text._USART_DMA_Config)
    [Anonymous Symbol]                       0x080019d4   Section        0  main.o(.text.fn_DMA_show_Init)
    __arm_cp.3_1                             0x08001a10   Number         4  main.o(.text.fn_DMA_show_Init)
    __arm_cp.3_2                             0x08001a14   Number         4  main.o(.text.fn_DMA_show_Init)
    __arm_cp.3_3                             0x08001a18   Number         4  main.o(.text.fn_DMA_show_Init)
    [Anonymous Symbol]                       0x08001a30   Section        0  exit_book.o(.text.fn_EXTI_GPIO_Config)
    [Anonymous Symbol]                       0x08001a78   Section        0  rcc_book.o(.text.fn_HRCC_SetSystic)
    [Anonymous Symbol]                       0x08001ae4   Section        0  main.o(.text.fn_I2C_EE_Init)
    __arm_cp.4_1                             0x08001b28   Number         4  main.o(.text.fn_I2C_EE_Init)
    __arm_cp.4_2                             0x08001b2c   Number         4  main.o(.text.fn_I2C_EE_Init)
    [Anonymous Symbol]                       0x08001b48   Section        0  main.o(.text.fn_I2C_EE_Soft_Init)
    __arm_cp.5_1                             0x08001b90   Number         4  main.o(.text.fn_I2C_EE_Soft_Init)
    __arm_cp.5_2                             0x08001b94   Number         4  main.o(.text.fn_I2C_EE_Soft_Init)
    [Anonymous Symbol]                       0x08001bb4   Section        0  key_book.o(.text.fn_Key_GPIO_Config)
    [Anonymous Symbol]                       0x08001bd4   Section        0  key_book.o(.text.fn_Key_Init)
    [Anonymous Symbol]                       0x08001bf8   Section        0  led_book.o(.text.fn_LED_ALL_OFF)
    __arm_cp.2_1                             0x08001c18   Number         4  led_book.o(.text.fn_LED_ALL_OFF)
    [Anonymous Symbol]                       0x08001c1c   Section        0  led_book.o(.text.fn_LED_Corporate)
    [Anonymous Symbol]                       0x08001c54   Section        0  main.o(.text.fn_LED_Flash_Init)
    __arm_cp.1_2                             0x08001cc4   Number         4  main.o(.text.fn_LED_Flash_Init)
    __arm_cp.1_3                             0x08001cc8   Number         4  main.o(.text.fn_LED_Flash_Init)
    __arm_cp.1_4                             0x08001ccc   Number         4  main.o(.text.fn_LED_Flash_Init)
    [Anonymous Symbol]                       0x08001cd0   Section        0  led_book.o(.text.fn_LED_GPIO_Config)
    [Anonymous Symbol]                       0x08001d00   Section        0  led_book.o(.text.fn_Led_Init)
    __arm_cp.1_0                             0x08001d38   Number         4  led_book.o(.text.fn_Led_Init)
    __arm_cp.1_1                             0x08001d3c   Number         4  led_book.o(.text.fn_Led_Init)
    [Anonymous Symbol]                       0x08001d40   Section        0  exit_book.o(.text.fn_NVIC_Config)
    __arm_cp.1_0                             0x08001d64   Number         4  exit_book.o(.text.fn_NVIC_Config)
    [Anonymous Symbol]                       0x08001d68   Section        0  rcc_book.o(.text.fn_RCC_Init)
    [Anonymous Symbol]                       0x08001d70   Section        0  main.o(.text.fn_SPI_FLASH_Soft_Init)
    __arm_cp.6_1                             0x08001e10   Number         4  main.o(.text.fn_SPI_FLASH_Soft_Init)
    __arm_cp.6_3                             0x08001e28   Number         4  main.o(.text.fn_SPI_FLASH_Soft_Init)
    __arm_cp.6_5                             0x08001e40   Number         4  main.o(.text.fn_SPI_FLASH_Soft_Init)
    [Anonymous Symbol]                       0x08001e70   Section        0  systick_book.o(.text.fn_SysTick_delay_decrement)
    __arm_cp.2_0                             0x08001e90   Number         4  systick_book.o(.text.fn_SysTick_delay_decrement)
    __arm_cp.2_1                             0x08001e94   Number         4  systick_book.o(.text.fn_SysTick_delay_decrement)
    [Anonymous Symbol]                       0x08001e98   Section        0  systick_book.o(.text.fn_Systick_Delay)
    __arm_cp.0_0                             0x08001f04   Number         4  systick_book.o(.text.fn_Systick_Delay)
    __arm_cp.0_1                             0x08001f08   Number         4  systick_book.o(.text.fn_Systick_Delay)
    __arm_cp.0_2                             0x08001f0c   Number         4  systick_book.o(.text.fn_Systick_Delay)
    __arm_cp.0_3                             0x08001f10   Number         4  systick_book.o(.text.fn_Systick_Delay)
    [Anonymous Symbol]                       0x08001f14   Section        0  usart_book.o(.text.fn_USART_Config)
    __arm_cp.1_1                             0x08001f6c   Number         4  usart_book.o(.text.fn_USART_Config)
    [Anonymous Symbol]                       0x08001f70   Section        0  usart_book.o(.text.fn_USART_IO_Config)
    __arm_cp.0_0                             0x08001f98   Number         4  usart_book.o(.text.fn_USART_IO_Config)
    __arm_cp.0_1                             0x08001f9c   Number         4  usart_book.o(.text.fn_USART_IO_Config)
    __arm_cp.0_2                             0x08001fa0   Number         4  usart_book.o(.text.fn_USART_IO_Config)
    [Anonymous Symbol]                       0x08001fa4   Section        0  usart_book.o(.text.fn_USART_Init)
    [Anonymous Symbol]                       0x08001fb2   Section        0  usart_book.o(.text.fn_Usart_SendString)
    [Anonymous Symbol]                       0x08001fda   Section        0  usart_book.o(.text.fn_Usart_Send_Byte)
    [Anonymous Symbol]                       0x08001ff0   Section        0  main.o(.text.fn_usart_show_Init)
    __arm_cp.2_0                             0x08002010   Number         4  main.o(.text.fn_usart_show_Init)
    [Anonymous Symbol]                       0x08002038   Section        0  usart_book.o(.text.fputc)
    __arm_cp.6_0                             0x08002058   Number         4  usart_book.o(.text.fputc)
    [Anonymous Symbol]                       0x0800205c   Section        0  main.o(.text.main)
    __arm_cp.0_0                             0x080020ac   Number         4  main.o(.text.main)
    i.__0printf$5                            0x080020b0   Section        0  printf5.o(i.__0printf$5)
    i.__scatterload_copy                     0x080020d0   Section       14  handlers.o(i.__scatterload_copy)
    i.__scatterload_null                     0x080020de   Section        2  handlers.o(i.__scatterload_null)
    i.__scatterload_zeroinit                 0x080020e0   Section       14  handlers.o(i.__scatterload_zeroinit)
    _printf_core                             0x080020f1   Thumb Code   658  printf5.o(i._printf_core)
    i._printf_core                           0x080020f0   Section        0  printf5.o(i._printf_core)
    i.puts                                   0x080023b0   Section        0  puts.o(i.puts)
    ADCPrescTable                            0x080023d4   Data           4  stm32f10x_rcc.o(.rodata.ADCPrescTable)
    [Anonymous Symbol]                       0x080023d4   Section        0  stm32f10x_rcc.o(.rodata.ADCPrescTable)
    APBAHBPrescTable                         0x080023d8   Data          16  stm32f10x_rcc.o(.rodata.APBAHBPrescTable)
    [Anonymous Symbol]                       0x080023d8   Section        0  stm32f10x_rcc.o(.rodata.APBAHBPrescTable)
    .L.str.2                                 0x08002438   Data           3  i2c_book.o(.rodata.str1.1)
    [Anonymous Symbol]                       0x08002438   Section        0  i2c_book.o(.rodata.str1.1)
    .Lstr.24                                 0x0800243b   Data          23  i2c_soft_book.o(.rodata.str1.1)
    [Anonymous Symbol]                       0x0800243b   Section        0  i2c_soft_book.o(.rodata.str1.1)
    .Lstr.27                                 0x08002450   Data           2  i2c_soft_book.o(.rodata.str1.1)
    .L.str.5                                 0x08002452   Data           5  i2c_soft_book.o(.rodata.str1.1)
    .L.str.1                                 0x08002453   Data           4  i2c_soft_book.o(.rodata.str1.1)
    .data                                    0x20000000   Section        4  stdout.o(.data)
    SPITimeout                               0x20000004   Data           4  spi_book.o(.data.SPITimeout)
    [Anonymous Symbol]                       0x20000004   Section        0  spi_book.o(.data.SPITimeout)
    writeData                                0x2000000c   Data           8  main.o(.data.writeData)
    [Anonymous Symbol]                       0x2000000c   Section        0  main.o(.data.writeData)
    writeData2                               0x20000014   Data           8  main.o(.data.writeData2)
    [Anonymous Symbol]                       0x20000014   Section        0  main.o(.data.writeData2)
    [Anonymous Symbol]                       0x20000020   Section        0  key_book.o(.bss..L_MergedGlobals)
    count_key                                0x20000022   Data           2  key_book.o(.bss..L_MergedGlobals)
    _SysTick_delay                           0x20000024   Data           4  systick_book.o(.bss..L_MergedGlobals)
    [Anonymous Symbol]                       0x20000024   Section        0  systick_book.o(.bss..L_MergedGlobals)
    SysTick_delay                            0x20000028   Data           4  systick_book.o(.bss..L_MergedGlobals)
    [Anonymous Symbol]                       0x2000002c   Section        0  dma_book.o(.bss..L_MergedGlobals)
    I2CTimeout                               0x20000034   Data           2  i2c_book.o(.bss.I2CTimeout)
    [Anonymous Symbol]                       0x20000034   Section        0  i2c_book.o(.bss.I2CTimeout)
    ReadData                                 0x20000036   Data           7  main.o(.bss.ReadData)
    [Anonymous Symbol]                       0x20000036   Section        0  main.o(.bss.ReadData)
    Read_SPI_Data                            0x2000003d   Data        4096  main.o(.bss.Read_SPI_Data)
    [Anonymous Symbol]                       0x2000003d   Section        0  main.o(.bss.Read_SPI_Data)
    write_SPI_Data                           0x20001090   Data        4096  main.o(.bss.write_SPI_Data)
    [Anonymous Symbol]                       0x20001090   Section        0  main.o(.bss.write_SPI_Data)
    STACK                                    0x20002090   Section     1024  startup_stm32f10x_hd.o(STACK)

    Global Symbols

    Symbol Name                              Value     Ov Type        Size  Object(Section)

    BuildAttributes$$THM_ISAv4$P$D$K$B$S$PE$A:L22UL41UL21$X:L11$S22US41US21$IEEE1$IW$~IW$USESV6$~STKCKD$USESV7$~SHL$OSPACE$ROPI$EBA8$MICROLIB$REQ8$PRES8$EABIv2 0x00000000   Number         0  anon$$obj.o ABSOLUTE
    _printf_a                                0x00000000   Number         0  printfstubs.o ABSOLUTE
    _printf_c                                0x00000000   Number         0  printfstubs.o ABSOLUTE
    _printf_charcount                        0x00000000   Number         0  printfstubs.o ABSOLUTE
    _printf_d                                0x00000000   Number         0  printfstubs.o ABSOLUTE
    _printf_e                                0x00000000   Number         0  printfstubs.o ABSOLUTE
    _printf_f                                0x00000000   Number         0  printfstubs.o ABSOLUTE
    _printf_flags                            0x00000000   Number         0  printfstubs.o ABSOLUTE
    _printf_fp_dec                           0x00000000   Number         0  printfstubs.o ABSOLUTE
    _printf_fp_hex                           0x00000000   Number         0  printfstubs.o ABSOLUTE
    _printf_g                                0x00000000   Number         0  printfstubs.o ABSOLUTE
    _printf_i                                0x00000000   Number         0  printfstubs.o ABSOLUTE
    _printf_int_dec                          0x00000000   Number         0  printfstubs.o ABSOLUTE
    _printf_l                                0x00000000   Number         0  printfstubs.o ABSOLUTE
    _printf_lc                               0x00000000   Number         0  printfstubs.o ABSOLUTE
    _printf_ll                               0x00000000   Number         0  printfstubs.o ABSOLUTE
    _printf_lld                              0x00000000   Number         0  printfstubs.o ABSOLUTE
    _printf_lli                              0x00000000   Number         0  printfstubs.o ABSOLUTE
    _printf_llo                              0x00000000   Number         0  printfstubs.o ABSOLUTE
    _printf_llu                              0x00000000   Number         0  printfstubs.o ABSOLUTE
    _printf_llx                              0x00000000   Number         0  printfstubs.o ABSOLUTE
    _printf_longlong_dec                     0x00000000   Number         0  printfstubs.o ABSOLUTE
    _printf_longlong_hex                     0x00000000   Number         0  printfstubs.o ABSOLUTE
    _printf_longlong_oct                     0x00000000   Number         0  printfstubs.o ABSOLUTE
    _printf_ls                               0x00000000   Number         0  printfstubs.o ABSOLUTE
    _printf_mbtowc                           0x00000000   Number         0  printfstubs.o ABSOLUTE
    _printf_n                                0x00000000   Number         0  printfstubs.o ABSOLUTE
    _printf_o                                0x00000000   Number         0  printfstubs.o ABSOLUTE
    _printf_p                                0x00000000   Number         0  printfstubs.o ABSOLUTE
    _printf_percent                          0x00000000   Number         0  printfstubs.o ABSOLUTE
    _printf_pre_padding                      0x00000000   Number         0  printfstubs.o ABSOLUTE
    _printf_return_value                     0x00000000   Number         0  printfstubs.o ABSOLUTE
    _printf_s                                0x00000000   Number         0  printfstubs.o ABSOLUTE
    _printf_sizespec                         0x00000000   Number         0  printfstubs.o ABSOLUTE
    _printf_str                              0x00000000   Number         0  printfstubs.o ABSOLUTE
    _printf_truncate_signed                  0x00000000   Number         0  printfstubs.o ABSOLUTE
    _printf_truncate_unsigned                0x00000000   Number         0  printfstubs.o ABSOLUTE
    _printf_u                                0x00000000   Number         0  printfstubs.o ABSOLUTE
    _printf_wc                               0x00000000   Number         0  printfstubs.o ABSOLUTE
    _printf_wctomb                           0x00000000   Number         0  printfstubs.o ABSOLUTE
    _printf_widthprec                        0x00000000   Number         0  printfstubs.o ABSOLUTE
    _printf_x                                0x00000000   Number         0  printfstubs.o ABSOLUTE
    __cpp_initialize__aeabi_                  - Undefined Weak Reference
    __cxa_finalize                            - Undefined Weak Reference
    __decompress                              - Undefined Weak Reference
    _clock_init                               - Undefined Weak Reference
    _microlib_exit                            - Undefined Weak Reference
    __Vectors_Size                           0x00000130   Number         0  startup_stm32f10x_hd.o ABSOLUTE
    __Vectors                                0x08000000   Data           4  startup_stm32f10x_hd.o(RESET)
    __Vectors_End                            0x08000130   Data           0  startup_stm32f10x_hd.o(RESET)
    __main                                   0x08000131   Thumb Code     0  entry.o(.ARM.Collect$$$$00000000)
    _main_stk                                0x08000131   Thumb Code     0  entry2.o(.ARM.Collect$$$$00000001)
    _main_scatterload                        0x08000135   Thumb Code     0  entry5.o(.ARM.Collect$$$$00000004)
    __main_after_scatterload                 0x08000139   Thumb Code     0  entry5.o(.ARM.Collect$$$$00000004)
    _main_clock                              0x08000139   Thumb Code     0  entry7b.o(.ARM.Collect$$$$00000008)
    _main_cpp_init                           0x08000139   Thumb Code     0  entry8b.o(.ARM.Collect$$$$0000000A)
    _main_init                               0x08000139   Thumb Code     0  entry9a.o(.ARM.Collect$$$$0000000B)
    __rt_final_cpp                           0x08000141   Thumb Code     0  entry10a.o(.ARM.Collect$$$$0000000D)
    __rt_final_exit                          0x08000141   Thumb Code     0  entry11a.o(.ARM.Collect$$$$0000000F)
    Reset_Handler                            0x08000145   Thumb Code     8  startup_stm32f10x_hd.o(.text)
    ADC1_2_IRQHandler                        0x0800015f   Thumb Code     0  startup_stm32f10x_hd.o(.text)
    ADC3_IRQHandler                          0x0800015f   Thumb Code     0  startup_stm32f10x_hd.o(.text)
    CAN1_RX1_IRQHandler                      0x0800015f   Thumb Code     0  startup_stm32f10x_hd.o(.text)
    CAN1_SCE_IRQHandler                      0x0800015f   Thumb Code     0  startup_stm32f10x_hd.o(.text)
    DMA1_Channel1_IRQHandler                 0x0800015f   Thumb Code     0  startup_stm32f10x_hd.o(.text)
    DMA1_Channel2_IRQHandler                 0x0800015f   Thumb Code     0  startup_stm32f10x_hd.o(.text)
    DMA1_Channel3_IRQHandler                 0x0800015f   Thumb Code     0  startup_stm32f10x_hd.o(.text)
    DMA1_Channel4_IRQHandler                 0x0800015f   Thumb Code     0  startup_stm32f10x_hd.o(.text)
    DMA1_Channel5_IRQHandler                 0x0800015f   Thumb Code     0  startup_stm32f10x_hd.o(.text)
    DMA1_Channel6_IRQHandler                 0x0800015f   Thumb Code     0  startup_stm32f10x_hd.o(.text)
    DMA1_Channel7_IRQHandler                 0x0800015f   Thumb Code     0  startup_stm32f10x_hd.o(.text)
    DMA2_Channel1_IRQHandler                 0x0800015f   Thumb Code     0  startup_stm32f10x_hd.o(.text)
    DMA2_Channel2_IRQHandler                 0x0800015f   Thumb Code     0  startup_stm32f10x_hd.o(.text)
    DMA2_Channel3_IRQHandler                 0x0800015f   Thumb Code     0  startup_stm32f10x_hd.o(.text)
    DMA2_Channel4_5_IRQHandler               0x0800015f   Thumb Code     0  startup_stm32f10x_hd.o(.text)
    EXTI1_IRQHandler                         0x0800015f   Thumb Code     0  startup_stm32f10x_hd.o(.text)
    EXTI2_IRQHandler                         0x0800015f   Thumb Code     0  startup_stm32f10x_hd.o(.text)
    EXTI3_IRQHandler                         0x0800015f   Thumb Code     0  startup_stm32f10x_hd.o(.text)
    EXTI4_IRQHandler                         0x0800015f   Thumb Code     0  startup_stm32f10x_hd.o(.text)
    EXTI9_5_IRQHandler                       0x0800015f   Thumb Code     0  startup_stm32f10x_hd.o(.text)
    FLASH_IRQHandler                         0x0800015f   Thumb Code     0  startup_stm32f10x_hd.o(.text)
    FSMC_IRQHandler                          0x0800015f   Thumb Code     0  startup_stm32f10x_hd.o(.text)
    I2C1_ER_IRQHandler                       0x0800015f   Thumb Code     0  startup_stm32f10x_hd.o(.text)
    I2C1_EV_IRQHandler                       0x0800015f   Thumb Code     0  startup_stm32f10x_hd.o(.text)
    I2C2_ER_IRQHandler                       0x0800015f   Thumb Code     0  startup_stm32f10x_hd.o(.text)
    I2C2_EV_IRQHandler                       0x0800015f   Thumb Code     0  startup_stm32f10x_hd.o(.text)
    PVD_IRQHandler                           0x0800015f   Thumb Code     0  startup_stm32f10x_hd.o(.text)
    RCC_IRQHandler                           0x0800015f   Thumb Code     0  startup_stm32f10x_hd.o(.text)
    RTCAlarm_IRQHandler                      0x0800015f   Thumb Code     0  startup_stm32f10x_hd.o(.text)
    RTC_IRQHandler                           0x0800015f   Thumb Code     0  startup_stm32f10x_hd.o(.text)
    SDIO_IRQHandler                          0x0800015f   Thumb Code     0  startup_stm32f10x_hd.o(.text)
    SPI1_IRQHandler                          0x0800015f   Thumb Code     0  startup_stm32f10x_hd.o(.text)
    SPI2_IRQHandler                          0x0800015f   Thumb Code     0  startup_stm32f10x_hd.o(.text)
    SPI3_IRQHandler                          0x0800015f   Thumb Code     0  startup_stm32f10x_hd.o(.text)
    TAMPER_IRQHandler                        0x0800015f   Thumb Code     0  startup_stm32f10x_hd.o(.text)
    TIM1_BRK_IRQHandler                      0x0800015f   Thumb Code     0  startup_stm32f10x_hd.o(.text)
    TIM1_CC_IRQHandler                       0x0800015f   Thumb Code     0  startup_stm32f10x_hd.o(.text)
    TIM1_TRG_COM_IRQHandler                  0x0800015f   Thumb Code     0  startup_stm32f10x_hd.o(.text)
    TIM1_UP_IRQHandler                       0x0800015f   Thumb Code     0  startup_stm32f10x_hd.o(.text)
    TIM2_IRQHandler                          0x0800015f   Thumb Code     0  startup_stm32f10x_hd.o(.text)
    TIM3_IRQHandler                          0x0800015f   Thumb Code     0  startup_stm32f10x_hd.o(.text)
    TIM4_IRQHandler                          0x0800015f   Thumb Code     0  startup_stm32f10x_hd.o(.text)
    TIM5_IRQHandler                          0x0800015f   Thumb Code     0  startup_stm32f10x_hd.o(.text)
    TIM6_IRQHandler                          0x0800015f   Thumb Code     0  startup_stm32f10x_hd.o(.text)
    TIM7_IRQHandler                          0x0800015f   Thumb Code     0  startup_stm32f10x_hd.o(.text)
    TIM8_BRK_IRQHandler                      0x0800015f   Thumb Code     0  startup_stm32f10x_hd.o(.text)
    TIM8_CC_IRQHandler                       0x0800015f   Thumb Code     0  startup_stm32f10x_hd.o(.text)
    TIM8_TRG_COM_IRQHandler                  0x0800015f   Thumb Code     0  startup_stm32f10x_hd.o(.text)
    TIM8_UP_IRQHandler                       0x0800015f   Thumb Code     0  startup_stm32f10x_hd.o(.text)
    UART4_IRQHandler                         0x0800015f   Thumb Code     0  startup_stm32f10x_hd.o(.text)
    UART5_IRQHandler                         0x0800015f   Thumb Code     0  startup_stm32f10x_hd.o(.text)
    USART2_IRQHandler                        0x0800015f   Thumb Code     0  startup_stm32f10x_hd.o(.text)
    USART3_IRQHandler                        0x0800015f   Thumb Code     0  startup_stm32f10x_hd.o(.text)
    USBWakeUp_IRQHandler                     0x0800015f   Thumb Code     0  startup_stm32f10x_hd.o(.text)
    USB_HP_CAN1_TX_IRQHandler                0x0800015f   Thumb Code     0  startup_stm32f10x_hd.o(.text)
    USB_LP_CAN1_RX0_IRQHandler               0x0800015f   Thumb Code     0  startup_stm32f10x_hd.o(.text)
    WWDG_IRQHandler                          0x0800015f   Thumb Code     0  startup_stm32f10x_hd.o(.text)
    __aeabi_uldivmod                         0x08000169   Thumb Code    98  uldiv.o(.text)
    __scatterload                            0x080001cd   Thumb Code    28  init.o(.text)
    __scatterload_rt2                        0x080001cd   Thumb Code     0  init.o(.text)
    __aeabi_llsl                             0x080001f1   Thumb Code    30  llshl.o(.text)
    _ll_shift_l                              0x080001f1   Thumb Code     0  llshl.o(.text)
    __aeabi_llsr                             0x0800020f   Thumb Code    32  llushr.o(.text)
    _ll_ushift_r                             0x0800020f   Thumb Code     0  llushr.o(.text)
    BusFault_Handler                         0x0800022f   Thumb Code     2  stm32f10x_it.o(.text.BusFault_Handler)
    DMA_Cmd                                  0x08000231   Thumb Code    24  stm32f10x_dma.o(.text.DMA_Cmd)
    DMA_GetFlagStatus                        0x08000249   Thumb Code    24  stm32f10x_dma.o(.text.DMA_GetFlagStatus)
    DMA_Init                                 0x08000261   Thumb Code    70  stm32f10x_dma.o(.text.DMA_Init)
    DebugMon_Handler                         0x080002a7   Thumb Code     2  stm32f10x_it.o(.text.DebugMon_Handler)
    EXTI0_IRQHandler                         0x080003ad   Thumb Code    52  exit_book.o(.text.EXTI0_IRQHandler)
    EXTI15_10_IRQHandler                     0x080003e1   Thumb Code    56  exit_book.o(.text.EXTI15_10_IRQHandler)
    EXTI_ClearITPendingBit                   0x08000419   Thumb Code    12  stm32f10x_exti.o(.text.EXTI_ClearITPendingBit)
    EXTI_GetITStatus                         0x08000425   Thumb Code    24  stm32f10x_exti.o(.text.EXTI_GetITStatus)
    EXTI_Init                                0x0800043d   Thumb Code    96  stm32f10x_exti.o(.text.EXTI_Init)
    FLASH_PrefetchBufferCmd                  0x0800049d   Thumb Code    20  stm32f10x_flash.o(.text.FLASH_PrefetchBufferCmd)
    FLASH_SetLatency                         0x080004b1   Thumb Code    20  stm32f10x_flash.o(.text.FLASH_SetLatency)
    GPIO_EXTILineConfig                      0x080004c5   Thumb Code    40  stm32f10x_gpio.o(.text.GPIO_EXTILineConfig)
    GPIO_Init                                0x080004ed   Thumb Code   180  stm32f10x_gpio.o(.text.GPIO_Init)
    GPIO_ReadInputDataBit                    0x080005a1   Thumb Code    10  stm32f10x_gpio.o(.text.GPIO_ReadInputDataBit)
    GPIO_ReadOutputDataBit                   0x080005ab   Thumb Code    10  stm32f10x_gpio.o(.text.GPIO_ReadOutputDataBit)
    GPIO_ResetBits                           0x080005b5   Thumb Code     4  stm32f10x_gpio.o(.text.GPIO_ResetBits)
    GPIO_SetBits                             0x080005b9   Thumb Code     4  stm32f10x_gpio.o(.text.GPIO_SetBits)
    HardFault_Handler                        0x080005bd   Thumb Code     2  stm32f10x_it.o(.text.HardFault_Handler)
    I2C_AcknowledgeConfig                    0x080005bf   Thumb Code    18  stm32f10x_i2c.o(.text.I2C_AcknowledgeConfig)
    I2C_CheckEvent                           0x080005d1   Thumb Code    22  stm32f10x_i2c.o(.text.I2C_CheckEvent)
    I2C_ClearFlag                            0x080005e7   Thumb Code     6  stm32f10x_i2c.o(.text.I2C_ClearFlag)
    I2C_Cmd                                  0x080005ed   Thumb Code    18  stm32f10x_i2c.o(.text.I2C_Cmd)
    I2C_GenerateSTART                        0x0800064d   Thumb Code    18  stm32f10x_i2c.o(.text.I2C_GenerateSTART)
    I2C_GenerateSTOP                         0x0800065f   Thumb Code    18  stm32f10x_i2c.o(.text.I2C_GenerateSTOP)
    I2C_GetFlagStatus                        0x08000671   Thumb Code    52  stm32f10x_i2c.o(.text.I2C_GetFlagStatus)
    I2C_Init                                 0x080006a5   Thumb Code   188  stm32f10x_i2c.o(.text.I2C_Init)
    I2C_ReadRegister                         0x08000761   Thumb Code    22  stm32f10x_i2c.o(.text.I2C_ReadRegister)
    I2C_Read_fun                             0x08000779   Thumb Code   508  i2c_book.o(.text.I2C_Read_fun)
    I2C_ReceiveData                          0x08000975   Thumb Code     6  stm32f10x_i2c.o(.text.I2C_ReceiveData)
    I2C_Send7bitAddress                      0x0800097b   Thumb Code    16  stm32f10x_i2c.o(.text.I2C_Send7bitAddress)
    I2C_SendData                             0x080009e1   Thumb Code     4  stm32f10x_i2c.o(.text.I2C_SendData)
    I2C_Soft_Init                            0x080009e5   Thumb Code    20  i2c_soft_book.o(.text.I2C_Soft_Init)
    I2C_Soft_Read_fun                        0x080009f9   Thumb Code   420  i2c_soft_book.o(.text.I2C_Soft_Read_fun)
    I2C_Soft_Write_fun                       0x08000b9d   Thumb Code   176  i2c_soft_book.o(.text.I2C_Soft_Write_fun)
    I2C_Write_fun                            0x08000d05   Thumb Code   412  i2c_book.o(.text.I2C_Write_fun)
    MemManage_Handler                        0x08000ea1   Thumb Code     2  stm32f10x_it.o(.text.MemManage_Handler)
    NMI_Handler                              0x08000ea3   Thumb Code     2  stm32f10x_it.o(.text.NMI_Handler)
    NVIC_Init                                0x08000ea5   Thumb Code    80  misc.o(.text.NVIC_Init)
    NVIC_PriorityGroupConfig                 0x08000ef5   Thumb Code    20  misc.o(.text.NVIC_PriorityGroupConfig)
    PendSV_Handler                           0x08000f09   Thumb Code     2  stm32f10x_it.o(.text.PendSV_Handler)
    RCC_AHBPeriphClockCmd                    0x08000f0d   Thumb Code    24  stm32f10x_rcc.o(.text.RCC_AHBPeriphClockCmd)
    RCC_APB1PeriphClockCmd                   0x08000f25   Thumb Code    24  stm32f10x_rcc.o(.text.RCC_APB1PeriphClockCmd)
    RCC_APB2PeriphClockCmd                   0x08000f3d   Thumb Code    24  stm32f10x_rcc.o(.text.RCC_APB2PeriphClockCmd)
    RCC_DeInit                               0x08000f55   Thumb Code    60  stm32f10x_rcc.o(.text.RCC_DeInit)
    RCC_GetClocksFreq                        0x08000f91   Thumb Code   116  stm32f10x_rcc.o(.text.RCC_GetClocksFreq)
    RCC_GetFlagStatus                        0x08001005   Thumb Code    36  stm32f10x_rcc.o(.text.RCC_GetFlagStatus)
    RCC_GetSYSCLKSource                      0x08001029   Thumb Code    12  stm32f10x_rcc.o(.text.RCC_GetSYSCLKSource)
    RCC_HCLKConfig                           0x08001035   Thumb Code    16  stm32f10x_rcc.o(.text.RCC_HCLKConfig)
    RCC_HSEConfig                            0x08001045   Thumb Code    44  stm32f10x_rcc.o(.text.RCC_HSEConfig)
    RCC_PCLK1Config                          0x08001071   Thumb Code    16  stm32f10x_rcc.o(.text.RCC_PCLK1Config)
    RCC_PCLK2Config                          0x08001081   Thumb Code    16  stm32f10x_rcc.o(.text.RCC_PCLK2Config)
    RCC_PLLCmd                               0x08001091   Thumb Code    12  stm32f10x_rcc.o(.text.RCC_PLLCmd)
    RCC_PLLConfig                            0x0800109d   Thumb Code    16  stm32f10x_rcc.o(.text.RCC_PLLConfig)
    RCC_SYSCLKConfig                         0x080010ad   Thumb Code    20  stm32f10x_rcc.o(.text.RCC_SYSCLKConfig)
    RCC_WaitForHSEStartUp                    0x080010c1   Thumb Code    44  stm32f10x_rcc.o(.text.RCC_WaitForHSEStartUp)
    SPI_BufferWrite_Data                     0x080010ed   Thumb Code   132  spi_book.o(.text.SPI_BufferWrite_Data)
    SPI_Cmd                                  0x08001171   Thumb Code    18  stm32f10x_spi.o(.text.SPI_Cmd)
    SPI_Erase_Sector                         0x08001185   Thumb Code    48  spi_book.o(.text.SPI_Erase_Sector)
    SPI_FLASH_Init                           0x080011b5   Thumb Code   152  spi_book.o(.text.SPI_FLASH_Init)
    SPI_I2S_GetFlagStatus                    0x080012b9   Thumb Code    10  stm32f10x_spi.o(.text.SPI_I2S_GetFlagStatus)
    SPI_I2S_ReceiveData                      0x080012c3   Thumb Code     4  stm32f10x_spi.o(.text.SPI_I2S_ReceiveData)
    SPI_I2S_SendData                         0x080012c7   Thumb Code     4  stm32f10x_spi.o(.text.SPI_I2S_SendData)
    SPI_Init                                 0x080012cb   Thumb Code    54  stm32f10x_spi.o(.text.SPI_Init)
    SPI_Read_Data                            0x08001301   Thumb Code    68  spi_book.o(.text.SPI_Read_Data)
    SPI_Read_ID                              0x08001345   Thumb Code    52  spi_book.o(.text.SPI_Read_ID)
    SPI_Show_Data                            0x08001379   Thumb Code    60  spi_book.o(.text.SPI_Show_Data)
    SPI_Write_Data                           0x0800140d   Thumb Code   132  spi_book.o(.text.SPI_Write_Data)
    SVC_Handler                              0x080014a9   Thumb Code     2  stm32f10x_it.o(.text.SVC_Handler)
    SysTick_Handler                          0x080014ab   Thumb Code     4  systick_book.o(.text.SysTick_Handler)
    SystemInit                               0x080014b1   Thumb Code   240  system_stm32f10x.o(.text.SystemInit)
    USART1_IRQHandler                        0x080015a1   Thumb Code    36  usart_book.o(.text.USART1_IRQHandler)
    USART_Cmd                                0x080015c5   Thumb Code    18  stm32f10x_usart.o(.text.USART_Cmd)
    USART_DMACmd                             0x080015d7   Thumb Code    16  stm32f10x_usart.o(.text.USART_DMACmd)
    USART_GetFlagStatus                      0x080015e7   Thumb Code    10  stm32f10x_usart.o(.text.USART_GetFlagStatus)
    USART_GetITStatus                        0x080015f1   Thumb Code    56  stm32f10x_usart.o(.text.USART_GetITStatus)
    USART_ITConfig                           0x08001629   Thumb Code    44  stm32f10x_usart.o(.text.USART_ITConfig)
    USART_Init                               0x08001655   Thumb Code   160  stm32f10x_usart.o(.text.USART_Init)
    USART_ReceiveData                        0x080016f5   Thumb Code     8  stm32f10x_usart.o(.text.USART_ReceiveData)
    USART_SendData                           0x080016fd   Thumb Code     8  stm32f10x_usart.o(.text.USART_SendData)
    UsageFault_Handler                       0x08001705   Thumb Code     2  stm32f10x_it.o(.text.UsageFault_Handler)
    Usart_SendHalf_32_Word                   0x08001707   Thumb Code    40  usart_book.o(.text.Usart_SendHalf_32_Word)
    _Buffer_Show                             0x08001731   Thumb Code    28  dma_book.o(.text._Buffer_Show)
    _Buffercmp                               0x0800174d   Thumb Code    30  dma_book.o(.text._Buffercmp)
    _DMA_Config                              0x0800176b   Thumb Code    86  dma_book.o(.text._DMA_Config)
    _DMA_RAM_TO_USART                        0x080017c1   Thumb Code   160  dma_book.o(.text._DMA_RAM_TO_USART)
    _DMA_ROM_TO_RAM                          0x08001861   Thumb Code   176  dma_book.o(.text._DMA_ROM_TO_RAM)
    _I2C_EE_Init                             0x08001911   Thumb Code   116  i2c_book.o(.text._I2C_EE_Init)
    _USART_DMA_Config                        0x08001985   Thumb Code    80  dma_book.o(.text._USART_DMA_Config)
    fn_DMA_show_Init                         0x080019d5   Thumb Code    92  main.o(.text.fn_DMA_show_Init)
    fn_EXTI_GPIO_Config                      0x08001a31   Thumb Code    72  exit_book.o(.text.fn_EXTI_GPIO_Config)
    fn_HRCC_SetSystic                        0x08001a79   Thumb Code   106  rcc_book.o(.text.fn_HRCC_SetSystic)
    fn_I2C_EE_Init                           0x08001ae5   Thumb Code   100  main.o(.text.fn_I2C_EE_Init)
    fn_I2C_EE_Soft_Init                      0x08001b49   Thumb Code   108  main.o(.text.fn_I2C_EE_Soft_Init)
    fn_Key_GPIO_Config                       0x08001bb5   Thumb Code    30  key_book.o(.text.fn_Key_GPIO_Config)
    fn_Key_Init                              0x08001bd5   Thumb Code    36  key_book.o(.text.fn_Key_Init)
    fn_LED_ALL_OFF                           0x08001bf9   Thumb Code    36  led_book.o(.text.fn_LED_ALL_OFF)
    fn_LED_Corporate                         0x08001c1d   Thumb Code    56  led_book.o(.text.fn_LED_Corporate)
    fn_LED_Flash_Init                        0x08001c55   Thumb Code   124  main.o(.text.fn_LED_Flash_Init)
    fn_LED_GPIO_Config                       0x08001cd1   Thumb Code    46  led_book.o(.text.fn_LED_GPIO_Config)
    fn_Led_Init                              0x08001d01   Thumb Code    64  led_book.o(.text.fn_Led_Init)
    fn_NVIC_Config                           0x08001d41   Thumb Code    40  exit_book.o(.text.fn_NVIC_Config)
    fn_RCC_Init                              0x08001d69   Thumb Code     8  rcc_book.o(.text.fn_RCC_Init)
    fn_SPI_FLASH_Soft_Init                   0x08001d71   Thumb Code   256  main.o(.text.fn_SPI_FLASH_Soft_Init)
    fn_SysTick_delay_decrement               0x08001e71   Thumb Code    40  systick_book.o(.text.fn_SysTick_delay_decrement)
    fn_Systick_Delay                         0x08001e99   Thumb Code   124  systick_book.o(.text.fn_Systick_Delay)
    fn_USART_Config                          0x08001f15   Thumb Code    92  usart_book.o(.text.fn_USART_Config)
    fn_USART_IO_Config                       0x08001f71   Thumb Code    52  usart_book.o(.text.fn_USART_IO_Config)
    fn_USART_Init                            0x08001fa5   Thumb Code    14  usart_book.o(.text.fn_USART_Init)
    fn_Usart_SendString                      0x08001fb3   Thumb Code    40  usart_book.o(.text.fn_Usart_SendString)
    fn_Usart_Send_Byte                       0x08001fdb   Thumb Code    22  usart_book.o(.text.fn_Usart_Send_Byte)
    fn_usart_show_Init                       0x08001ff1   Thumb Code    72  main.o(.text.fn_usart_show_Init)
    fputc                                    0x08002039   Thumb Code    36  usart_book.o(.text.fputc)
    main                                     0x0800205d   Thumb Code    84  main.o(.text.main)
    __0printf$5                              0x080020b1   Thumb Code    22  printf5.o(i.__0printf$5)
    __1printf$5                              0x080020b1   Thumb Code     0  printf5.o(i.__0printf$5)
    __2printf                                0x080020b1   Thumb Code     0  printf5.o(i.__0printf$5)
    __scatterload_copy                       0x080020d1   Thumb Code    14  handlers.o(i.__scatterload_copy)
    __scatterload_null                       0x080020df   Thumb Code     2  handlers.o(i.__scatterload_null)
    __scatterload_zeroinit                   0x080020e1   Thumb Code    14  handlers.o(i.__scatterload_zeroinit)
    puts                                     0x080023b1   Thumb Code    30  puts.o(i.puts)
    aSRC_Cont_Buffer                         0x080023e8   Data          80  dma_book.o(.rodata.aSRC_Cont_Buffer)
    Region$$Table$$Base                      0x08002458   Number         0  anon$$obj.o(Region$$Table)
    Region$$Table$$Limit                     0x08002478   Number         0  anon$$obj.o(Region$$Table)
    __stdout                                 0x20000000   Data           4  stdout.o(.data)
    SystemCoreClock                          0x20000008   Data           4  system_stm32f10x.o(.data.SystemCoreClock)
    key_flag                                 0x20000020   Data           1  key_book.o(.bss..L_MergedGlobals)
    USART_BUFFER_SIZE                        0x2000002c   Data           4  dma_book.o(.bss..L_MergedGlobals)
    USART_DMA_Buffer                         0x20000030   Data           4  dma_book.o(.bss..L_MergedGlobals)
    aDST_Buffer                              0x20001040   Data          80  dma_book.o(.bss.aDST_Buffer)
    __initial_sp                             0x20002490   Data           0  startup_stm32f10x_hd.o(STACK)



==============================================================================

Memory Map of the image

  Image Entry point : 0x08000131

  Load Region LR_IROM1 (Base: 0x08000000, Size: 0x00002498, Max: 0x00080000, ABSOLUTE)

    Execution Region ER_IROM1 (Exec base: 0x08000000, Load base: 0x08000000, Size: 0x00002478, Max: 0x00080000, ABSOLUTE)

    Exec Addr    Load Addr    Size         Type   Attr      Idx    E Section Name        Object

    0x08000000   0x08000000   0x00000130   Data   RO            3    RESET               startup_stm32f10x_hd.o
    0x08000130   0x08000130   0x00000000   Code   RO         1416  * .ARM.Collect$$$$00000000  mc_w.l(entry.o)
    0x08000130   0x08000130   0x00000004   Code   RO         1686    .ARM.Collect$$$$00000001  mc_w.l(entry2.o)
    0x08000134   0x08000134   0x00000004   Code   RO         1689    .ARM.Collect$$$$00000004  mc_w.l(entry5.o)
    0x08000138   0x08000138   0x00000000   Code   RO         1691    .ARM.Collect$$$$00000008  mc_w.l(entry7b.o)
    0x08000138   0x08000138   0x00000000   Code   RO         1693    .ARM.Collect$$$$0000000A  mc_w.l(entry8b.o)
    0x08000138   0x08000138   0x00000008   Code   RO         1694    .ARM.Collect$$$$0000000B  mc_w.l(entry9a.o)
    0x08000140   0x08000140   0x00000000   Code   RO         1696    .ARM.Collect$$$$0000000D  mc_w.l(entry10a.o)
    0x08000140   0x08000140   0x00000000   Code   RO         1698    .ARM.Collect$$$$0000000F  mc_w.l(entry11a.o)
    0x08000140   0x08000140   0x00000004   Code   RO         1687    .ARM.Collect$$$$00002712  mc_w.l(entry2.o)
    0x08000144   0x08000144   0x00000024   Code   RO            4    .text               startup_stm32f10x_hd.o
    0x08000168   0x08000168   0x00000062   Code   RO         1703    .text               mc_w.l(uldiv.o)
    0x080001ca   0x080001ca   0x00000002   PAD
    0x080001cc   0x080001cc   0x00000024   Code   RO         1716    .text               mc_w.l(init.o)
    0x080001f0   0x080001f0   0x0000001e   Code   RO         1718    .text               mc_w.l(llshl.o)
    0x0800020e   0x0800020e   0x00000020   Code   RO         1720    .text               mc_w.l(llushr.o)
    0x0800022e   0x0800022e   0x00000002   Code   RO         1400    .text.BusFault_Handler  stm32f10x_it.o
    0x08000230   0x08000230   0x00000018   Code   RO          319    .text.DMA_Cmd       stm32f10x_dma.o
    0x08000248   0x08000248   0x00000018   Code   RO          327    .text.DMA_GetFlagStatus  stm32f10x_dma.o
    0x08000260   0x08000260   0x00000046   Code   RO          315    .text.DMA_Init      stm32f10x_dma.o
    0x080002a6   0x080002a6   0x00000002   Code   RO         1406    .text.DebugMon_Handler  stm32f10x_it.o
    0x080002a8   0x080002a8   0x00000050   Code   RO         1308    .text.EE_Soft_Check_State  i2c_soft_book.o
    0x080002f8   0x080002f8   0x000000b4   Code   RO         1304    .text.EE_Soft_WriteBytes  i2c_soft_book.o
    0x080003ac   0x080003ac   0x00000034   Code   RO         1154    .text.EXTI0_IRQHandler  exit_book.o
    0x080003e0   0x080003e0   0x00000038   Code   RO         1156    .text.EXTI15_10_IRQHandler  exit_book.o
    0x08000418   0x08000418   0x0000000c   Code   RO          357    .text.EXTI_ClearITPendingBit  stm32f10x_exti.o
    0x08000424   0x08000424   0x00000018   Code   RO          355    .text.EXTI_GetITStatus  stm32f10x_exti.o
    0x0800043c   0x0800043c   0x00000060   Code   RO          345    .text.EXTI_Init     stm32f10x_exti.o
    0x0800049c   0x0800049c   0x00000014   Code   RO          371    .text.FLASH_PrefetchBufferCmd  stm32f10x_flash.o
    0x080004b0   0x080004b0   0x00000014   Code   RO          367    .text.FLASH_SetLatency  stm32f10x_flash.o
    0x080004c4   0x080004c4   0x00000028   Code   RO          509    .text.GPIO_EXTILineConfig  stm32f10x_gpio.o
    0x080004ec   0x080004ec   0x000000b4   Code   RO          481    .text.GPIO_Init     stm32f10x_gpio.o
    0x080005a0   0x080005a0   0x0000000a   Code   RO          485    .text.GPIO_ReadInputDataBit  stm32f10x_gpio.o
    0x080005aa   0x080005aa   0x0000000a   Code   RO          489    .text.GPIO_ReadOutputDataBit  stm32f10x_gpio.o
    0x080005b4   0x080005b4   0x00000004   Code   RO          495    .text.GPIO_ResetBits  stm32f10x_gpio.o
    0x080005b8   0x080005b8   0x00000004   Code   RO          493    .text.GPIO_SetBits  stm32f10x_gpio.o
    0x080005bc   0x080005bc   0x00000002   Code   RO         1396    .text.HardFault_Handler  stm32f10x_it.o
    0x080005be   0x080005be   0x00000012   Code   RO          538    .text.I2C_AcknowledgeConfig  stm32f10x_i2c.o
    0x080005d0   0x080005d0   0x00000016   Code   RO          576    .text.I2C_CheckEvent  stm32f10x_i2c.o
    0x080005e6   0x080005e6   0x00000006   Code   RO          582    .text.I2C_ClearFlag  stm32f10x_i2c.o
    0x080005ec   0x080005ec   0x00000012   Code   RO          528    .text.I2C_Cmd       stm32f10x_i2c.o
    0x080005fe   0x080005fe   0x00000002   PAD
    0x08000600   0x08000600   0x0000004c   Code   RO         1286    .text.I2C_EE_WaitEepromStandbyState  i2c_book.o
    0x0800064c   0x0800064c   0x00000012   Code   RO          534    .text.I2C_GenerateSTART  stm32f10x_i2c.o
    0x0800065e   0x0800065e   0x00000012   Code   RO          536    .text.I2C_GenerateSTOP  stm32f10x_i2c.o
    0x08000670   0x08000670   0x00000034   Code   RO          580    .text.I2C_GetFlagStatus  stm32f10x_i2c.o
    0x080006a4   0x080006a4   0x000000bc   Code   RO          524    .text.I2C_Init      stm32f10x_i2c.o
    0x08000760   0x08000760   0x00000016   Code   RO          554    .text.I2C_ReadRegister  stm32f10x_i2c.o
    0x08000776   0x08000776   0x00000002   PAD
    0x08000778   0x08000778   0x000001fc   Code   RO         1288    .text.I2C_Read_fun  i2c_book.o
    0x08000974   0x08000974   0x00000006   Code   RO          550    .text.I2C_ReceiveData  stm32f10x_i2c.o
    0x0800097a   0x0800097a   0x00000010   Code   RO          552    .text.I2C_Send7bitAddress  stm32f10x_i2c.o
    0x0800098a   0x0800098a   0x00000002   PAD
    0x0800098c   0x0800098c   0x00000054   Code   RO         1318    .text.I2C_SendByte  i2c_soft_book.o
    0x080009e0   0x080009e0   0x00000004   Code   RO          548    .text.I2C_SendData  stm32f10x_i2c.o
    0x080009e4   0x080009e4   0x00000014   Code   RO         1306    .text.I2C_Soft_Init  i2c_soft_book.o
    0x080009f8   0x080009f8   0x000001a4   Code   RO         1312    .text.I2C_Soft_Read_fun  i2c_soft_book.o
    0x08000b9c   0x08000b9c   0x000000b0   Code   RO         1310    .text.I2C_Soft_Write_fun  i2c_soft_book.o
    0x08000c4c   0x08000c4c   0x0000002c   Code   RO         1316    .text.I2C_Start     i2c_soft_book.o
    0x08000c78   0x08000c78   0x0000001c   Code   RO         1314    .text.I2C_Stop      i2c_soft_book.o
    0x08000c94   0x08000c94   0x0000003c   Code   RO         1290    .text.I2C_TIMEOUT_UserCallback  i2c_book.o
    0x08000cd0   0x08000cd0   0x00000034   Code   RO         1320    .text.I2C_WaitAck   i2c_soft_book.o
    0x08000d04   0x08000d04   0x0000019c   Code   RO         1284    .text.I2C_Write_fun  i2c_book.o
    0x08000ea0   0x08000ea0   0x00000002   Code   RO         1398    .text.MemManage_Handler  stm32f10x_it.o
    0x08000ea2   0x08000ea2   0x00000002   Code   RO         1394    .text.NMI_Handler   stm32f10x_it.o
    0x08000ea4   0x08000ea4   0x00000050   Code   RO           27    .text.NVIC_Init     misc.o
    0x08000ef4   0x08000ef4   0x00000014   Code   RO           25    .text.NVIC_PriorityGroupConfig  misc.o
    0x08000f08   0x08000f08   0x00000002   Code   RO         1408    .text.PendSV_Handler  stm32f10x_it.o
    0x08000f0a   0x08000f0a   0x00000002   PAD
    0x08000f0c   0x08000f0c   0x00000018   Code   RO          684    .text.RCC_AHBPeriphClockCmd  stm32f10x_rcc.o
    0x08000f24   0x08000f24   0x00000018   Code   RO          688    .text.RCC_APB1PeriphClockCmd  stm32f10x_rcc.o
    0x08000f3c   0x08000f3c   0x00000018   Code   RO          686    .text.RCC_APB2PeriphClockCmd  stm32f10x_rcc.o
    0x08000f54   0x08000f54   0x0000003c   Code   RO          642    .text.RCC_DeInit    stm32f10x_rcc.o
    0x08000f90   0x08000f90   0x00000074   Code   RO          682    .text.RCC_GetClocksFreq  stm32f10x_rcc.o
    0x08001004   0x08001004   0x00000024   Code   RO          648    .text.RCC_GetFlagStatus  stm32f10x_rcc.o
    0x08001028   0x08001028   0x0000000c   Code   RO          660    .text.RCC_GetSYSCLKSource  stm32f10x_rcc.o
    0x08001034   0x08001034   0x00000010   Code   RO          662    .text.RCC_HCLKConfig  stm32f10x_rcc.o
    0x08001044   0x08001044   0x0000002c   Code   RO          644    .text.RCC_HSEConfig  stm32f10x_rcc.o
    0x08001070   0x08001070   0x00000010   Code   RO          664    .text.RCC_PCLK1Config  stm32f10x_rcc.o
    0x08001080   0x08001080   0x00000010   Code   RO          666    .text.RCC_PCLK2Config  stm32f10x_rcc.o
    0x08001090   0x08001090   0x0000000c   Code   RO          656    .text.RCC_PLLCmd    stm32f10x_rcc.o
    0x0800109c   0x0800109c   0x00000010   Code   RO          654    .text.RCC_PLLConfig  stm32f10x_rcc.o
    0x080010ac   0x080010ac   0x00000014   Code   RO          658    .text.RCC_SYSCLKConfig  stm32f10x_rcc.o
    0x080010c0   0x080010c0   0x0000002c   Code   RO          646    .text.RCC_WaitForHSEStartUp  stm32f10x_rcc.o
    0x080010ec   0x080010ec   0x00000084   Code   RO         1349    .text.SPI_BufferWrite_Data  spi_book.o
    0x08001170   0x08001170   0x00000012   Code   RO          830    .text.SPI_Cmd       stm32f10x_spi.o
    0x08001182   0x08001182   0x00000002   PAD
    0x08001184   0x08001184   0x00000030   Code   RO         1337    .text.SPI_Erase_Sector  spi_book.o
    0x080011b4   0x080011b4   0x00000098   Code   RO         1331    .text.SPI_FLASH_Init  spi_book.o
    0x0800124c   0x0800124c   0x0000006c   Code   RO         1335    .text.SPI_FLASH_Send_Byte  spi_book.o
    0x080012b8   0x080012b8   0x0000000a   Code   RO          858    .text.SPI_I2S_GetFlagStatus  stm32f10x_spi.o
    0x080012c2   0x080012c2   0x00000004   Code   RO          840    .text.SPI_I2S_ReceiveData  stm32f10x_spi.o
    0x080012c6   0x080012c6   0x00000004   Code   RO          838    .text.SPI_I2S_SendData  stm32f10x_spi.o
    0x080012ca   0x080012ca   0x00000036   Code   RO          822    .text.SPI_Init      stm32f10x_spi.o
    0x08001300   0x08001300   0x00000044   Code   RO         1345    .text.SPI_Read_Data  spi_book.o
    0x08001344   0x08001344   0x00000034   Code   RO         1333    .text.SPI_Read_ID   spi_book.o
    0x08001378   0x08001378   0x0000003c   Code   RO         1351    .text.SPI_Show_Data  spi_book.o
    0x080013b4   0x080013b4   0x00000038   Code   RO         1353    .text.SPI_TIMEOUT_UserCallback  spi_book.o
    0x080013ec   0x080013ec   0x00000020   Code   RO         1341    .text.SPI_WaitForWriteEnd  spi_book.o
    0x0800140c   0x0800140c   0x00000084   Code   RO         1347    .text.SPI_Write_Data  spi_book.o
    0x08001490   0x08001490   0x00000018   Code   RO         1339    .text.SPI_Write_Enable  spi_book.o
    0x080014a8   0x080014a8   0x00000002   Code   RO         1404    .text.SVC_Handler   stm32f10x_it.o
    0x080014aa   0x080014aa   0x00000004   Code   RO         1222    .text.SysTick_Handler  systick_book.o
    0x080014ae   0x080014ae   0x00000002   PAD
    0x080014b0   0x080014b0   0x000000f0   Code   RO           11    .text.SystemInit    system_stm32f10x.o
    0x080015a0   0x080015a0   0x00000024   Code   RO         1249    .text.USART1_IRQHandler  usart_book.o
    0x080015c4   0x080015c4   0x00000012   Code   RO         1070    .text.USART_Cmd     stm32f10x_usart.o
    0x080015d6   0x080015d6   0x00000010   Code   RO         1074    .text.USART_DMACmd  stm32f10x_usart.o
    0x080015e6   0x080015e6   0x0000000a   Code   RO         1110    .text.USART_GetFlagStatus  stm32f10x_usart.o
    0x080015f0   0x080015f0   0x00000038   Code   RO         1114    .text.USART_GetITStatus  stm32f10x_usart.o
    0x08001628   0x08001628   0x0000002c   Code   RO         1072    .text.USART_ITConfig  stm32f10x_usart.o
    0x08001654   0x08001654   0x000000a0   Code   RO         1062    .text.USART_Init    stm32f10x_usart.o
    0x080016f4   0x080016f4   0x00000008   Code   RO         1088    .text.USART_ReceiveData  stm32f10x_usart.o
    0x080016fc   0x080016fc   0x00000008   Code   RO         1086    .text.USART_SendData  stm32f10x_usart.o
    0x08001704   0x08001704   0x00000002   Code   RO         1402    .text.UsageFault_Handler  stm32f10x_it.o
    0x08001706   0x08001706   0x00000028   Code   RO         1241    .text.Usart_SendHalf_32_Word  usart_book.o
    0x0800172e   0x0800172e   0x00000002   PAD
    0x08001730   0x08001730   0x0000001c   Code   RO         1265    .text._Buffer_Show  dma_book.o
    0x0800174c   0x0800174c   0x0000001e   Code   RO         1263    .text._Buffercmp    dma_book.o
    0x0800176a   0x0800176a   0x00000056   Code   RO         1259    .text._DMA_Config   dma_book.o
    0x080017c0   0x080017c0   0x000000a0   Code   RO         1269    .text._DMA_RAM_TO_USART  dma_book.o
    0x08001860   0x08001860   0x000000b0   Code   RO         1267    .text._DMA_ROM_TO_RAM  dma_book.o
    0x08001910   0x08001910   0x00000074   Code   RO         1282    .text._I2C_EE_Init  i2c_book.o
    0x08001984   0x08001984   0x00000050   Code   RO         1261    .text._USART_DMA_Config  dma_book.o
    0x080019d4   0x080019d4   0x0000005c   Code   RO         1370    .text.fn_DMA_show_Init  main.o
    0x08001a30   0x08001a30   0x00000048   Code   RO         1150    .text.fn_EXTI_GPIO_Config  exit_book.o
    0x08001a78   0x08001a78   0x0000006a   Code   RO         1200    .text.fn_HRCC_SetSystic  rcc_book.o
    0x08001ae2   0x08001ae2   0x00000002   PAD
    0x08001ae4   0x08001ae4   0x00000064   Code   RO         1372    .text.fn_I2C_EE_Init  main.o
    0x08001b48   0x08001b48   0x0000006c   Code   RO         1374    .text.fn_I2C_EE_Soft_Init  main.o
    0x08001bb4   0x08001bb4   0x0000001e   Code   RO         1165    .text.fn_Key_GPIO_Config  key_book.o
    0x08001bd2   0x08001bd2   0x00000002   PAD
    0x08001bd4   0x08001bd4   0x00000024   Code   RO         1167    .text.fn_Key_Init   key_book.o
    0x08001bf8   0x08001bf8   0x00000024   Code   RO         1188    .text.fn_LED_ALL_OFF  led_book.o
    0x08001c1c   0x08001c1c   0x00000038   Code   RO         1190    .text.fn_LED_Corporate  led_book.o
    0x08001c54   0x08001c54   0x0000007c   Code   RO         1366    .text.fn_LED_Flash_Init  main.o
    0x08001cd0   0x08001cd0   0x0000002e   Code   RO         1184    .text.fn_LED_GPIO_Config  led_book.o
    0x08001cfe   0x08001cfe   0x00000002   PAD
    0x08001d00   0x08001d00   0x00000040   Code   RO         1186    .text.fn_Led_Init   led_book.o
    0x08001d40   0x08001d40   0x00000028   Code   RO         1152    .text.fn_NVIC_Config  exit_book.o
    0x08001d68   0x08001d68   0x00000008   Code   RO         1206    .text.fn_RCC_Init   rcc_book.o
    0x08001d70   0x08001d70   0x00000100   Code   RO         1376    .text.fn_SPI_FLASH_Soft_Init  main.o
    0x08001e70   0x08001e70   0x00000028   Code   RO         1220    .text.fn_SysTick_delay_decrement  systick_book.o
    0x08001e98   0x08001e98   0x0000007c   Code   RO         1216    .text.fn_Systick_Delay  systick_book.o
    0x08001f14   0x08001f14   0x0000005c   Code   RO         1235    .text.fn_USART_Config  usart_book.o
    0x08001f70   0x08001f70   0x00000034   Code   RO         1233    .text.fn_USART_IO_Config  usart_book.o
    0x08001fa4   0x08001fa4   0x0000000e   Code   RO         1243    .text.fn_USART_Init  usart_book.o
    0x08001fb2   0x08001fb2   0x00000028   Code   RO         1239    .text.fn_Usart_SendString  usart_book.o
    0x08001fda   0x08001fda   0x00000016   Code   RO         1237    .text.fn_Usart_Send_Byte  usart_book.o
    0x08001ff0   0x08001ff0   0x00000048   Code   RO         1368    .text.fn_usart_show_Init  main.o
    0x08002038   0x08002038   0x00000024   Code   RO         1245    .text.fputc         usart_book.o
    0x0800205c   0x0800205c   0x00000054   Code   RO         1364    .text.main          main.o
    0x080020b0   0x080020b0   0x00000020   Code   RO         1558    i.__0printf$5       mc_w.l(printf5.o)
    0x080020d0   0x080020d0   0x0000000e   Code   RO         1728    i.__scatterload_copy  mc_w.l(handlers.o)
    0x080020de   0x080020de   0x00000002   Code   RO         1729    i.__scatterload_null  mc_w.l(handlers.o)
    0x080020e0   0x080020e0   0x0000000e   Code   RO         1730    i.__scatterload_zeroinit  mc_w.l(handlers.o)
    0x080020ee   0x080020ee   0x00000002   PAD
    0x080020f0   0x080020f0   0x000002c0   Code   RO         1565    i._printf_core      mc_w.l(printf5.o)
    0x080023b0   0x080023b0   0x00000024   Code   RO         1419    i.puts              mc_w.l(puts.o)
    0x080023d4   0x080023d4   0x00000004   Data   RO          707    .rodata.ADCPrescTable  stm32f10x_rcc.o
    0x080023d8   0x080023d8   0x00000010   Data   RO          706    .rodata.APBAHBPrescTable  stm32f10x_rcc.o
    0x080023e8   0x080023e8   0x00000050   Data   RO         1271    .rodata.aSRC_Cont_Buffer  dma_book.o
    0x08002438   0x08002438   0x00000003   Data   RO         1292    .rodata.str1.1      i2c_book.o
    0x0800243b   0x0800243b   0x0000001c   Data   RO         1322    .rodata.str1.1      i2c_soft_book.o
    0x08002457   0x08002457   0x00000001   PAD
    0x08002458   0x08002458   0x00000020   Data   RO         1727    Region$$Table       anon$$obj.o


    Execution Region RW_IRAM1 (Exec base: 0x20000000, Load base: 0x08002478, Size: 0x00002490, Max: 0x00010000, ABSOLUTE)

    Exec Addr    Load Addr    Size         Type   Attr      Idx    E Section Name        Object

    0x20000000   0x08002478   0x00000004   Data   RW         1700    .data               mc_w.l(stdout.o)
    0x20000004   0x0800247c   0x00000004   Data   RW         1355    .data.SPITimeout    spi_book.o
    0x20000008   0x08002480   0x00000004   Data   RW           15    .data.SystemCoreClock  system_stm32f10x.o
    0x2000000c   0x08002484   0x00000008   Data   RW         1380    .data.writeData     main.o
    0x20000014   0x0800248c   0x00000008   Data   RW         1382    .data.writeData2    main.o
    0x2000001c   0x08002494   0x00000004   PAD
    0x20000020        -       0x00000004   Zero   RW         1175    .bss..L_MergedGlobals  key_book.o
    0x20000024        -       0x00000008   Zero   RW         1224    .bss..L_MergedGlobals  systick_book.o
    0x2000002c        -       0x00000008   Zero   RW         1273    .bss..L_MergedGlobals  dma_book.o
    0x20000034        -       0x00000002   Zero   RW         1293    .bss.I2CTimeout     i2c_book.o
    0x20000036        -       0x00000007   Zero   RW         1381    .bss.ReadData       main.o
    0x2000003d        -       0x00001000   Zero   RW         1383    .bss.Read_SPI_Data  main.o
    0x2000103d   0x08002494   0x00000003   PAD
    0x20001040        -       0x00000050   Zero   RW         1272    .bss.aDST_Buffer    dma_book.o
    0x20001090        -       0x00001000   Zero   RW         1384    .bss.write_SPI_Data  main.o
    0x20002090        -       0x00000400   Zero   RW            1    STACK               startup_stm32f10x_hd.o


==============================================================================

Image component sizes


      Code (inc. data)   RO Data    RW Data    ZI Data      Debug   Object Name

       560        172         80          0         88       4081   dma_book.o
       220         12          0          0          0       3596   exit_book.o
      1172        208          3          0          2       4966   i2c_book.o
      1084        272         28          0          0       5294   i2c_soft_book.o
        66          0          0          0          4       2791   key_book.o
       202         12          0          0          0       2419   led_book.o
       836        368          0         16       8199       2817   main.o
       100         12          0          0          0       3164   misc.o
       114          0          0          0          0       2402   rcc_book.o
       864        168          0          4          0       5464   spi_book.o
        36          8        304          0       1024        860   startup_stm32f10x_hd.o
       118          4          0          0          0       3673   stm32f10x_dma.o
       132          8          0          0          0       2818   stm32f10x_exti.o
        40          4          0          0          0       8116   stm32f10x_flash.o
       248          4          0          0          0       5843   stm32f10x_gpio.o
       388         12          0          0          0       8212   stm32f10x_i2c.o
        16          0          0          0          0        931   stm32f10x_it.o
       480         48         20          0          0       8368   stm32f10x_rcc.o
        90          0          0          0          0       6795   stm32f10x_spi.o
       320          0          0          0          0       7766   stm32f10x_usart.o
       240         20          0          4          0       2566   system_stm32f10x.o
       168         24          0          0          8       4845   systick_book.o
       332         20          0          0          0       5867   usart_book.o

    ----------------------------------------------------------------------
      7846       1376        468         24       9332     103654   Object Totals
         0          0         32          0          0          0   (incl. Generated)
        20          0          1          0          7          0   (incl. Padding)

    ----------------------------------------------------------------------

      Code (inc. data)   RO Data    RW Data    ZI Data      Debug   Library Member Name

         0          0          0          0          0          0   entry.o
         0          0          0          0          0          0   entry10a.o
         0          0          0          0          0          0   entry11a.o
         8          4          0          0          0          0   entry2.o
         4          0          0          0          0          0   entry5.o
         0          0          0          0          0          0   entry7b.o
         0          0          0          0          0          0   entry8b.o
         8          4          0          0          0          0   entry9a.o
        30          0          0          0          0          0   handlers.o
        36          8          0          0          0         68   init.o
        30          0          0          0          0         68   llshl.o
        32          0          0          0          0         68   llushr.o
       736         56          0          0          0        184   printf5.o
        36          6          0          0          0         80   puts.o
         0          0          0          4          0          0   stdout.o
        98          0          0          0          0         92   uldiv.o

    ----------------------------------------------------------------------
      1022         78          0          4          0        560   Library Totals
         4          0          0          0          0          0   (incl. Padding)

    ----------------------------------------------------------------------

      Code (inc. data)   RO Data    RW Data    ZI Data      Debug   Library Name

      1018         78          0          4          0        560   mc_w.l

    ----------------------------------------------------------------------
      1022         78          0          4          0        560   Library Totals

    ----------------------------------------------------------------------

==============================================================================


      Code (inc. data)   RO Data    RW Data    ZI Data      Debug   

      8868       1454        468         28       9332     103822   Grand Totals
      8868       1454        468         28       9332     103822   ELF Image Totals
      8868       1454        468         28          0          0   ROM Totals

==============================================================================

    Total RO  Size (Code + RO Data)                 9336 (   9.12kB)
    Total RW  Size (RW Data + ZI Data)              9360 (   9.14kB)
    Total ROM Size (Code + RO Data + RW Data)       9364 (   9.14kB)

==============================================================================

